******************************************************************************
                  TI ARM Linker PC v5.0.1                      
******************************************************************************
>> Linked Fri Dec 28 12:40:28 2012

OUTPUT FILE NAME:   <CAN Learning.out>
ENTRY POINT SYMBOL: "_c_int00"  address: 000010a5


MEMORY CONFIGURATION

         name            origin    length      used     unused   attr    fill
----------------------  --------  ---------  --------  --------  ----  --------
  FLASH                 00000000   00040000  00001566  0003ea9a  R  X
  SRAM                  20000000   00008000  0000011c  00007ee4  RW X


SEGMENT ALLOCATION MAP

run origin  load origin   length   init length attrs members
----------  ----------- ---------- ----------- ----- -------
00000000    00000000    00001568   00001568    r-x
  00000000    00000000    0000026c   0000026c    r-- .intvecs
  0000026c    0000026c    000010f8   000010f8    r-x .text
  00001364    00001364    000001e2   000001e2    r-- .const
  00001548    00001548    00000020   00000020    r-- .cinit
20000000    20000000    00000100   00000000    rw-
  20000000    20000000    00000100   00000000    rw- .stack
20000100    20000100    0000001c   0000001c    rw-
  20000100    20000100    0000001c   0000001c    rw- .data


SECTION ALLOCATION MAP

 output                                  attributes/
section   page    origin      length       input sections
--------  ----  ----------  ----------   ----------------
.intvecs   0    00000000    0000026c     
                  00000000    0000026c     startup_ccs.obj (.intvecs)

.text      0    0000026c    000010f8     
                  0000026c    0000047c     uartstdio.obj (.text)
                  000006e8    000001d8     driverlib-cm4f.lib : sysctl.obj (.text:SysCtlClockGet)
                  000008c0    0000013c                        : sysctl.obj (.text:SysCtlClockSet)
                  000009fc    00000118     main.obj (.text)
                  00000b14    000000c8     driverlib-cm4f.lib : gpio.obj (.text:GPIOPadConfigSet)
                  00000bdc    0000009c     rtsv7M4_T_le_v4SPD16_eabi.lib : memcpy_t2.obj (.text)
                  00000c78    00000094                                   : auto_init.obj (.text)
                  00000d0c    0000008c     driverlib-cm4f.lib : can.obj (.text:CANBitRateSet)
                  00000d98    0000007a                        : can.obj (.text:CANInit)
                  00000e12    00000002     --HOLE-- [fill = 0]
                  00000e14    00000078                        : sysctl.obj (.text:SysCtlPeripheralPresent)
                  00000e8c    00000064                        : interrupt.obj (.text:IntDisable)
                  00000ef0    00000064                        : interrupt.obj (.text:IntEnable)
                  00000f54    0000005e     rtsv7M4_T_le_v4SPD16_eabi.lib : copy_decompress_rle.obj (.text)
                  00000fb2    00000002     --HOLE-- [fill = 0]
                  00000fb4    00000058     driverlib-cm4f.lib : sysctl.obj (.text:SysCtlPeripheralEnable)
                  0000100c    00000050                        : can.obj (.text:CANRegRead)
                  0000105c    00000048                        : gpio.obj (.text:GPIOPinConfigure)
                  000010a4    00000048     rtsv7M4_T_le_v4SPD16_eabi.lib : boot.obj (.text)
                  000010ec    00000044                                   : cpy_tbl.obj (.text)
                  00001130    00000042     driverlib-cm4f.lib : uart.obj (.text:UARTConfigSetExpClk)
                  00001172    00000042     rtsv7M4_T_le_v4SPD16_eabi.lib : u_divt2.obj (.text)
                  000011b4    00000040                                   : exit.obj (.text)
                  000011f4    0000002e     driverlib-cm4f.lib : gpio.obj (.text:GPIODirModeSet)
                  00001222    00000002     --HOLE-- [fill = 0]
                  00001224    00000028                        : can.obj (.text:CANIntNumberGet)
                  0000124c    00000020                        : can.obj (.text:CANRegWrite)
                  0000126c    0000001c                        : uart.obj (.text:UARTDisable)
                  00001288    00000018     rtsv7M4_T_le_v4SPD16_eabi.lib : args_main.obj (.text)
                  000012a0    00000016     driverlib-cm4f.lib : can.obj (.text:CANIntEnable)
                  000012b6    00000014                        : can.obj (.text:CANEnable)
                  000012ca    00000014                        : uart.obj (.text:UARTEnable)
                  000012de    00000002     --HOLE-- [fill = 0]
                  000012e0    00000014     rtsv7M4_T_le_v4SPD16_eabi.lib : _lock.obj (.text)
                  000012f4    00000012     driverlib-cm4f.lib : gpio.obj (.text:GPIOPinTypeCAN)
                  00001306    00000012                        : gpio.obj (.text:GPIOPinTypeGPIOOutput)
                  00001318    00000012                        : gpio.obj (.text:GPIOPinTypeUART)
                  0000132a    0000000e     rtsv7M4_T_le_v4SPD16_eabi.lib : copy_decompress_none.obj (.text:decompress:none)
                  00001338    0000000c     startup_ccs.obj (.text)
                  00001344    0000000a     driverlib-cm4f.lib : uart.obj (.text:UARTCharGet)
                  0000134e    0000000a                        : uart.obj (.text:UARTCharPut)
                  00001358    00000006                        : sysctl.obj (.text:SysCtlDelay)
                  0000135e    00000006     rtsv7M4_T_le_v4SPD16_eabi.lib : copy_decompress_rle.obj (.text:decompress:rle24)

.const     0    00001364    000001e2     
                  00001364    00000078     driverlib-cm4f.lib : gpio.obj (.const:g_pulGPIOBaseAddrs)
                  000013dc    00000070                        : interrupt.obj (.const)
                  0000144c    0000006c                        : sysctl.obj (.const:g_pulXtals)
                  000014b8    00000040                        : sysctl.obj (.const)
                  000014f8    00000020                        : can.obj (.const)
                  00001518    0000001c     uartstdio.obj (.const)
                  00001534    00000012     uartstdio.obj (.const:.string)

.cinit     0    00001548    00000020     
                  00001548    0000000f     (.cinit..data.load) [load image, compression = rle]
                  00001557    00000001     --HOLE-- [fill = 0]
                  00001558    00000008     (__TI_handler_table)
                  00001560    00000008     (__TI_cinit_table)

.stack     0    20000000    00000100     UNINITIALIZED
                  20000000    00000100     --HOLE--

.data      0    20000100    0000001c     
                  20000100    00000008     rtsv7M4_T_le_v4SPD16_eabi.lib : _lock.obj (.data)
                  20000108    00000008                                   : exit.obj (.data)
                  20000110    00000005     uartstdio.obj (.data)
                  20000115    00000003     --HOLE--
                  20000118    00000004     rtsv7M4_T_le_v4SPD16_eabi.lib : stkdepth_vars.obj (.data)


LINKER GENERATED COPY TABLES

__TI_cinit_table @ 00001560 records: 1, size/record: 8, table size: 8
	.data: load addr=00001548, load size=0000000f bytes, run addr=20000100, run size=0000001c bytes, compression=rle


LINKER GENERATED HANDLER TABLE

__TI_handler_table @ 00001558 records: 2, size/record: 4, table size: 8
	index: 0, handler: __TI_decompress_rle24
	index: 1, handler: __TI_decompress_none


GLOBAL SYMBOLS: SORTED ALPHABETICALLY BY Name 

address    name
--------   ----
000011b5   C$$EXIT
00000d0d   CANBitRateSet
000012b7   CANEnable
00000d99   CANInit
000012a1   CANIntEnable
000011f5   GPIODirModeSet
00000b15   GPIOPadConfigSet
0000105d   GPIOPinConfigure
000012f5   GPIOPinTypeCAN
00001307   GPIOPinTypeGPIOOutput
00001319   GPIOPinTypeUART
000009fd   InitConsole
00000e8d   IntDisable
00000ef1   IntEnable
00001339   ResetISR
UNDEFED    SHT$$INIT_ARRAY$$Base
UNDEFED    SHT$$INIT_ARRAY$$Limit
000006e9   SysCtlClockGet
000008c1   SysCtlClockSet
00001359   SysCtlDelay
00000fb5   SysCtlPeripheralEnable
00000e15   SysCtlPeripheralPresent
00001345   UARTCharGet
0000134f   UARTCharPut
00001131   UARTConfigSetExpClk
0000126d   UARTDisable
000012cb   UARTEnable
0000026d   UARTStdioConfig
000002b3   UARTStdioInit
000002c9   UARTStdioInitExpClk
000003dd   UARTgetc
00000325   UARTgets
00000405   UARTprintf
000002df   UARTwrite
20000100   __STACK_END
00000100   __STACK_SIZE
20000100   __STACK_TOP
00001560   __TI_CINIT_Base
00001568   __TI_CINIT_Limit
00001558   __TI_Handler_Table_Base
00001560   __TI_Handler_Table_Limit
00000001   __TI_args_main
00000c79   __TI_auto_init
0000132b   __TI_decompress_none
0000135f   __TI_decompress_rle24
00000000   __TI_static_base__
00000bdd   __aeabi_memcpy
00000bdd   __aeabi_memcpy4
00000bdd   __aeabi_memcpy8
00001173   __aeabi_uidivmod
ffffffff   __binit__
ffffffff   __c_args__
20000000   __stack
00001289   _args_main
000010a5   _c_int00
20000108   _cleanup_ptr
2000010c   _dtors_ptr
20000100   _lock
000012ef   _nop
000012e7   _register_lock
000012e1   _register_unlock
20000104   _unlock
000011b9   abort
ffffffff   binit
000010ed   copy_in
000011c1   exit
00000000   g_pfnVectors
00000a25   main
20000118   main_func_sp
00000bdd   memcpy


GLOBAL SYMBOLS: SORTED BY Symbol Address 

address    name
--------   ----
00000000   __TI_static_base__
00000000   g_pfnVectors
00000001   __TI_args_main
00000100   __STACK_SIZE
0000026d   UARTStdioConfig
000002b3   UARTStdioInit
000002c9   UARTStdioInitExpClk
000002df   UARTwrite
00000325   UARTgets
000003dd   UARTgetc
00000405   UARTprintf
000006e9   SysCtlClockGet
000008c1   SysCtlClockSet
000009fd   InitConsole
00000a25   main
00000b15   GPIOPadConfigSet
00000bdd   __aeabi_memcpy
00000bdd   __aeabi_memcpy4
00000bdd   __aeabi_memcpy8
00000bdd   memcpy
00000c79   __TI_auto_init
00000d0d   CANBitRateSet
00000d99   CANInit
00000e15   SysCtlPeripheralPresent
00000e8d   IntDisable
00000ef1   IntEnable
00000fb5   SysCtlPeripheralEnable
0000105d   GPIOPinConfigure
000010a5   _c_int00
000010ed   copy_in
00001131   UARTConfigSetExpClk
00001173   __aeabi_uidivmod
000011b5   C$$EXIT
000011b9   abort
000011c1   exit
000011f5   GPIODirModeSet
0000126d   UARTDisable
00001289   _args_main
000012a1   CANIntEnable
000012b7   CANEnable
000012cb   UARTEnable
000012e1   _register_unlock
000012e7   _register_lock
000012ef   _nop
000012f5   GPIOPinTypeCAN
00001307   GPIOPinTypeGPIOOutput
00001319   GPIOPinTypeUART
0000132b   __TI_decompress_none
00001339   ResetISR
00001345   UARTCharGet
0000134f   UARTCharPut
00001359   SysCtlDelay
0000135f   __TI_decompress_rle24
00001558   __TI_Handler_Table_Base
00001560   __TI_CINIT_Base
00001560   __TI_Handler_Table_Limit
00001568   __TI_CINIT_Limit
20000000   __stack
20000100   __STACK_END
20000100   __STACK_TOP
20000100   _lock
20000104   _unlock
20000108   _cleanup_ptr
2000010c   _dtors_ptr
20000118   main_func_sp
ffffffff   __binit__
ffffffff   __c_args__
ffffffff   binit
UNDEFED    SHT$$INIT_ARRAY$$Base
UNDEFED    SHT$$INIT_ARRAY$$Limit

[70 symbols]
