******************************************************************************
                  TI ARM Linker PC v5.0.3                      
******************************************************************************
>> Linked Thu Jan 24 15:15:42 2013

OUTPUT FILE NAME:   <Interrupt Learning.out>
ENTRY POINT SYMBOL: "_c_int00"  address: 000009c1


MEMORY CONFIGURATION

         name            origin    length      used     unused   attr    fill
----------------------  --------  ---------  --------  --------  ----  --------
  FLASH                 00000000   00040000  00000d58  0003f2a8  R  X
  SRAM                  20000000   00008000  00000118  00007ee8  RW X


SEGMENT ALLOCATION MAP

run origin  load origin   length   init length attrs members
----------  ----------- ---------- ----------- ----- -------
00000000    00000000    00000d5c   00000d5c    r-x
  00000000    00000000    0000026c   0000026c    r-- .intvecs
  0000026c    0000026c    000009ac   000009ac    r-x .text
  00000c18    00000c18    0000011c   0000011c    r-- .const
  00000d38    00000d38    00000024   00000024    r-- .cinit
20000000    20000000    00000100   00000000    rw-
  20000000    20000000    00000100   00000000    rw- .stack
20000100    20000100    00000018   00000018    rw-
  20000100    20000100    00000018   00000018    rw- .data


SECTION ALLOCATION MAP

 output                                  attributes/
section   page    origin      length       input sections
--------  ----  ----------  ----------   ----------------
.intvecs   0    00000000    0000026c     
                  00000000    0000026c     startup_ccs.obj (.intvecs)

.text      0    0000026c    000009ac     
                  0000026c    000001d8     driverlib-cm4f.lib : sysctl.obj (.text:SysCtlClockGet)
                  00000444    0000013c                        : sysctl.obj (.text:SysCtlClockSet)
                  00000580    0000012c     main.obj (.text)
                  000006ac    000000c8     driverlib-cm4f.lib : gpio.obj (.text:GPIOPadConfigSet)
                  00000774    0000009c     rtsv7M4_T_le_v4SPD16_eabi.lib : memcpy_t2.obj (.text)
                  00000810    00000094                                   : auto_init.obj (.text)
                  000008a4    00000064     driverlib-cm4f.lib : interrupt.obj (.text:IntEnable)
                  00000908    0000005e     rtsv7M4_T_le_v4SPD16_eabi.lib : copy_decompress_rle.obj (.text)
                  00000966    00000002     --HOLE-- [fill = 0]
                  00000968    00000058     driverlib-cm4f.lib : sysctl.obj (.text:SysCtlPeripheralEnable)
                  000009c0    00000048     rtsv7M4_T_le_v4SPD16_eabi.lib : boot.obj (.text)
                  00000a08    00000044     driverlib-cm4f.lib : gpio.obj (.text:GPIOIntTypeSet)
                  00000a4c    00000044     rtsv7M4_T_le_v4SPD16_eabi.lib : cpy_tbl.obj (.text)
                  00000a90    00000040                                   : exit.obj (.text)
                  00000ad0    0000002e     driverlib-cm4f.lib : gpio.obj (.text:GPIODirModeSet)
                  00000afe    00000002     --HOLE-- [fill = 0]
                  00000b00    00000028                        : timer.obj (.text:TimerConfigure)
                  00000b28    00000018     rtsv7M4_T_le_v4SPD16_eabi.lib : args_main.obj (.text)
                  00000b40    00000014                                   : _lock.obj (.text)
                  00000b54    00000012     driverlib-cm4f.lib : gpio.obj (.text:GPIOPinTypeGPIOInput)
                  00000b66    00000012                        : gpio.obj (.text:GPIOPinTypeGPIOOutput)
                  00000b78    00000012                        : timer.obj (.text:TimerLoadSet)
                  00000b8a    00000002     --HOLE-- [fill = 0]
                  00000b8c    00000010                        : fpu.obj (.text:FPULazyStackingEnable)
                  00000b9c    0000000e                        : timer.obj (.text:TimerEnable)
                  00000baa    0000000e     rtsv7M4_T_le_v4SPD16_eabi.lib : copy_decompress_none.obj (.text:decompress:none)
                  00000bb8    0000000c     driverlib-cm4f.lib : cpu.obj (.text:CPUcpsie)
                  00000bc4    0000000c                        : gpio.obj (.text:GPIOPinIntEnable)
                  00000bd0    0000000c     startup_ccs.obj (.text)
                  00000bdc    0000000a     driverlib-cm4f.lib : gpio.obj (.text:GPIOPinRead)
                  00000be6    0000000a                        : gpio.obj (.text:GPIOPinWrite)
                  00000bf0    0000000a                        : interrupt.obj (.text:IntMasterEnable)
                  00000bfa    00000008                        : timer.obj (.text:TimerIntEnable)
                  00000c02    00000006                        : gpio.obj (.text:GPIOPinIntClear)
                  00000c08    00000006                        : sysctl.obj (.text:SysCtlDelay)
                  00000c0e    00000006     rtsv7M4_T_le_v4SPD16_eabi.lib : copy_decompress_rle.obj (.text:decompress:rle24)
                  00000c14    00000004     driverlib-cm4f.lib : timer.obj (.text:TimerIntClear)

.const     0    00000c18    0000011c     
                  00000c18    00000070     driverlib-cm4f.lib : interrupt.obj (.const)
                  00000c88    0000006c                        : sysctl.obj (.const:g_pulXtals)
                  00000cf4    00000040                        : sysctl.obj (.const)

.cinit     0    00000d38    00000024     
                  00000d38    00000013     (.cinit..data.load) [load image, compression = rle]
                  00000d4b    00000001     --HOLE-- [fill = 0]
                  00000d4c    00000008     (__TI_handler_table)
                  00000d54    00000008     (__TI_cinit_table)

.stack     0    20000000    00000100     UNINITIALIZED
                  20000000    00000100     --HOLE--

.data      0    20000100    00000018     
                  20000100    00000008     rtsv7M4_T_le_v4SPD16_eabi.lib : _lock.obj (.data)
                  20000108    00000008                                   : exit.obj (.data)
                  20000110    00000004     main.obj (.data)
                  20000114    00000004     rtsv7M4_T_le_v4SPD16_eabi.lib : stkdepth_vars.obj (.data)


LINKER GENERATED COPY TABLES

__TI_cinit_table @ 00000d54 records: 1, size/record: 8, table size: 8
	.data: load addr=00000d38, load size=00000013 bytes, run addr=20000100, run size=00000018 bytes, compression=rle


LINKER GENERATED HANDLER TABLE

__TI_handler_table @ 00000d4c records: 2, size/record: 4, table size: 8
	index: 0, handler: __TI_decompress_rle24
	index: 1, handler: __TI_decompress_none


GLOBAL SYMBOLS: SORTED ALPHABETICALLY BY Name 

address    name
--------   ----
00000a91   C$$EXIT
00000bb9   CPUcpsie
00000b8d   FPULazyStackingEnable
00000ad1   GPIODirModeSet
00000581   GPIOFIntHandler
00000a09   GPIOIntTypeSet
000006ad   GPIOPadConfigSet
00000c03   GPIOPinIntClear
00000bc5   GPIOPinIntEnable
00000bdd   GPIOPinRead
00000b55   GPIOPinTypeGPIOInput
00000b67   GPIOPinTypeGPIOOutput
00000be7   GPIOPinWrite
000008a5   IntEnable
00000bf1   IntMasterEnable
00000bd1   ResetISR
UNDEFED    SHT$$INIT_ARRAY$$Base
UNDEFED    SHT$$INIT_ARRAY$$Limit
0000026d   SysCtlClockGet
00000445   SysCtlClockSet
00000c09   SysCtlDelay
00000969   SysCtlPeripheralEnable
000005c5   Timer0IntHandler
00000b01   TimerConfigure
00000b9d   TimerEnable
00000c15   TimerIntClear
00000bfb   TimerIntEnable
00000b79   TimerLoadSet
20000100   __STACK_END
00000100   __STACK_SIZE
20000100   __STACK_TOP
00000d54   __TI_CINIT_Base
00000d5c   __TI_CINIT_Limit
00000d4c   __TI_Handler_Table_Base
00000d54   __TI_Handler_Table_Limit
00000001   __TI_args_main
00000811   __TI_auto_init
00000bab   __TI_decompress_none
00000c0f   __TI_decompress_rle24
00000000   __TI_static_base__
00000775   __aeabi_memcpy
00000775   __aeabi_memcpy4
00000775   __aeabi_memcpy8
ffffffff   __binit__
ffffffff   __c_args__
20000000   __stack
00000b29   _args_main
000009c1   _c_int00
20000108   _cleanup_ptr
2000010c   _dtors_ptr
20000100   _lock
00000b4f   _nop
00000b47   _register_lock
00000b41   _register_unlock
20000104   _unlock
00000a95   abort
ffffffff   binit
00000a4d   copy_in
00000a9d   exit
00000000   g_pfnVectors
000005f7   main
20000114   main_func_sp
00000775   memcpy
20000110   pin


GLOBAL SYMBOLS: SORTED BY Symbol Address 

address    name
--------   ----
00000000   __TI_static_base__
00000000   g_pfnVectors
00000001   __TI_args_main
00000100   __STACK_SIZE
0000026d   SysCtlClockGet
00000445   SysCtlClockSet
00000581   GPIOFIntHandler
000005c5   Timer0IntHandler
000005f7   main
000006ad   GPIOPadConfigSet
00000775   __aeabi_memcpy
00000775   __aeabi_memcpy4
00000775   __aeabi_memcpy8
00000775   memcpy
00000811   __TI_auto_init
000008a5   IntEnable
00000969   SysCtlPeripheralEnable
000009c1   _c_int00
00000a09   GPIOIntTypeSet
00000a4d   copy_in
00000a91   C$$EXIT
00000a95   abort
00000a9d   exit
00000ad1   GPIODirModeSet
00000b01   TimerConfigure
00000b29   _args_main
00000b41   _register_unlock
00000b47   _register_lock
00000b4f   _nop
00000b55   GPIOPinTypeGPIOInput
00000b67   GPIOPinTypeGPIOOutput
00000b79   TimerLoadSet
00000b8d   FPULazyStackingEnable
00000b9d   TimerEnable
00000bab   __TI_decompress_none
00000bb9   CPUcpsie
00000bc5   GPIOPinIntEnable
00000bd1   ResetISR
00000bdd   GPIOPinRead
00000be7   GPIOPinWrite
00000bf1   IntMasterEnable
00000bfb   TimerIntEnable
00000c03   GPIOPinIntClear
00000c09   SysCtlDelay
00000c0f   __TI_decompress_rle24
00000c15   TimerIntClear
00000d4c   __TI_Handler_Table_Base
00000d54   __TI_CINIT_Base
00000d54   __TI_Handler_Table_Limit
00000d5c   __TI_CINIT_Limit
20000000   __stack
20000100   __STACK_END
20000100   __STACK_TOP
20000100   _lock
20000104   _unlock
20000108   _cleanup_ptr
2000010c   _dtors_ptr
20000110   pin
20000114   main_func_sp
ffffffff   __binit__
ffffffff   __c_args__
ffffffff   binit
UNDEFED    SHT$$INIT_ARRAY$$Base
UNDEFED    SHT$$INIT_ARRAY$$Limit

[64 symbols]
