******************************************************************************
                  TI ARM Linker PC v5.0.1                      
******************************************************************************
>> Linked Thu Dec 27 08:46:45 2012

OUTPUT FILE NAME:   <I2C Learning.out>
ENTRY POINT SYMBOL: "_c_int00"  address: 00000bdd


MEMORY CONFIGURATION

         name            origin    length      used     unused   attr    fill
----------------------  --------  ---------  --------  --------  ----  --------
  FLASH                 00000000   00040000  00000eca  0003f136  R  X
  SRAM                  20000000   00008000  00000118  00007ee8  RW X


SEGMENT ALLOCATION MAP

run origin  load origin   length   init length attrs members
----------  ----------- ---------- ----------- ----- -------
00000000    00000000    00000ed0   00000ed0    r-x
  00000000    00000000    0000026c   0000026c    r-- .intvecs
  0000026c    0000026c    00000b1a   00000b1a    r-x .text
  00000d88    00000d88    00000124   00000124    r-- .const
  00000eb0    00000eb0    00000020   00000020    r-- .cinit
20000000    20000000    00000100   00000000    rw-
  20000000    20000000    00000100   00000000    rw- .stack
20000100    20000100    00000018   00000018    rw-
  20000100    20000100    00000018   00000018    rw- .data


SECTION ALLOCATION MAP

 output                                  attributes/
section   page    origin      length       input sections
--------  ----  ----------  ----------   ----------------
.intvecs   0    00000000    0000026c     
                  00000000    0000026c     startup_ccs.obj (.intvecs)

.text      0    0000026c    00000b1a     
                  0000026c    0000020c     main.obj (.text)
                  00000478    000001d8     driverlib-cm4f.lib : sysctl.obj (.text:SysCtlClockGet)
                  00000650    0000013c                        : sysctl.obj (.text:SysCtlClockSet)
                  0000078c    000000c8                        : gpio.obj (.text:GPIOPadConfigSet)
                  00000854    0000009c     rtsv7M4_T_le_v4SPD16_eabi.lib : memcpy_t2.obj (.text)
                  000008f0    00000094     driverlib-cm4f.lib : sysctl.obj (.text:SysCtlPeripheralReset)
                  00000984    00000094     rtsv7M4_T_le_v4SPD16_eabi.lib : auto_init.obj (.text)
                  00000a18    00000078     driverlib-cm4f.lib : gpio.obj (.text:GPIOPinTypeI2CSCL)
                  00000a90    0000005e     rtsv7M4_T_le_v4SPD16_eabi.lib : copy_decompress_rle.obj (.text)
                  00000aee    00000002     --HOLE-- [fill = 0]
                  00000af0    00000058     driverlib-cm4f.lib : sysctl.obj (.text:SysCtlPeripheralEnable)
                  00000b48    0000004c                        : i2c.obj (.text:I2CMasterInitExpClk)
                  00000b94    00000048                        : gpio.obj (.text:GPIOPinConfigure)
                  00000bdc    00000048     rtsv7M4_T_le_v4SPD16_eabi.lib : boot.obj (.text)
                  00000c24    00000044                                   : cpy_tbl.obj (.text)
                  00000c68    00000040                                   : exit.obj (.text)
                  00000ca8    0000002e     driverlib-cm4f.lib : gpio.obj (.text:GPIODirModeSet)
                  00000cd6    00000002     --HOLE-- [fill = 0]
                  00000cd8    00000018     rtsv7M4_T_le_v4SPD16_eabi.lib : args_main.obj (.text)
                  00000cf0    00000014                                   : _lock.obj (.text)
                  00000d04    00000012     driverlib-cm4f.lib : gpio.obj (.text:GPIOPinTypeGPIOOutput)
                  00000d16    00000012                        : gpio.obj (.text:GPIOPinTypeI2C)
                  00000d28    0000000e     rtsv7M4_T_le_v4SPD16_eabi.lib : copy_decompress_none.obj (.text:decompress:none)
                  00000d36    0000000c     startup_ccs.obj (.text)
                  00000d42    0000000a     driverlib-cm4f.lib : gpio.obj (.text:GPIOPinWrite)
                  00000d4c    0000000a                        : i2c.obj (.text:I2CMasterEnable)
                  00000d56    00000008                        : i2c.obj (.text:I2CMasterBusBusy)
                  00000d5e    00000008                        : i2c.obj (.text:I2CMasterBusy)
                  00000d66    00000008                        : i2c.obj (.text:I2CMasterSlaveAddrSet)
                  00000d6e    00000006                        : sysctl.obj (.text:SysCtlDelay)
                  00000d74    00000006     rtsv7M4_T_le_v4SPD16_eabi.lib : copy_decompress_rle.obj (.text:decompress:rle24)
                  00000d7a    00000004     driverlib-cm4f.lib : i2c.obj (.text:I2CMasterControl)
                  00000d7e    00000004                        : i2c.obj (.text:I2CMasterDataGet)
                  00000d82    00000004                        : i2c.obj (.text:I2CMasterDataPut)

.const     0    00000d88    00000124     
                  00000d88    00000078     driverlib-cm4f.lib : gpio.obj (.const:g_pulGPIOBaseAddrs)
                  00000e00    0000006c                        : sysctl.obj (.const:g_pulXtals)
                  00000e6c    00000040                        : sysctl.obj (.const)

.cinit     0    00000eb0    00000020     
                  00000eb0    0000000f     (.cinit..data.load) [load image, compression = rle]
                  00000ebf    00000001     --HOLE-- [fill = 0]
                  00000ec0    00000008     (__TI_handler_table)
                  00000ec8    00000008     (__TI_cinit_table)

.stack     0    20000000    00000100     UNINITIALIZED
                  20000000    00000100     --HOLE--

.data      0    20000100    00000018     
                  20000100    00000008     rtsv7M4_T_le_v4SPD16_eabi.lib : _lock.obj (.data)
                  20000108    00000008                                   : exit.obj (.data)
                  20000110    00000004     main.obj (.data)
                  20000114    00000004     rtsv7M4_T_le_v4SPD16_eabi.lib : stkdepth_vars.obj (.data)


LINKER GENERATED COPY TABLES

__TI_cinit_table @ 00000ec8 records: 1, size/record: 8, table size: 8
	.data: load addr=00000eb0, load size=0000000f bytes, run addr=20000100, run size=00000018 bytes, compression=rle


LINKER GENERATED HANDLER TABLE

__TI_handler_table @ 00000ec0 records: 2, size/record: 4, table size: 8
	index: 0, handler: __TI_decompress_rle24
	index: 1, handler: __TI_decompress_none


GLOBAL SYMBOLS: SORTED ALPHABETICALLY BY Name 

address    name
--------   ----
00000c69   C$$EXIT
00000ca9   GPIODirModeSet
0000078d   GPIOPadConfigSet
00000b95   GPIOPinConfigure
00000d05   GPIOPinTypeGPIOOutput
00000d17   GPIOPinTypeI2C
00000a19   GPIOPinTypeI2CSCL
00000d43   GPIOPinWrite
00000d57   I2CMasterBusBusy
00000d5f   I2CMasterBusy
00000d7b   I2CMasterControl
00000d7f   I2CMasterDataGet
00000d83   I2CMasterDataPut
00000d4d   I2CMasterEnable
00000b49   I2CMasterInitExpClk
00000d67   I2CMasterSlaveAddrSet
00000d37   ResetISR
UNDEFED    SHT$$INIT_ARRAY$$Base
UNDEFED    SHT$$INIT_ARRAY$$Limit
00000479   SysCtlClockGet
00000651   SysCtlClockSet
00000d6f   SysCtlDelay
00000af1   SysCtlPeripheralEnable
000008f1   SysCtlPeripheralReset
20000100   __STACK_END
00000100   __STACK_SIZE
20000100   __STACK_TOP
00000ec8   __TI_CINIT_Base
00000ed0   __TI_CINIT_Limit
00000ec0   __TI_Handler_Table_Base
00000ec8   __TI_Handler_Table_Limit
00000001   __TI_args_main
00000985   __TI_auto_init
00000d29   __TI_decompress_none
00000d75   __TI_decompress_rle24
00000000   __TI_static_base__
00000855   __aeabi_memcpy
00000855   __aeabi_memcpy4
00000855   __aeabi_memcpy8
ffffffff   __binit__
ffffffff   __c_args__
20000000   __stack
00000cd9   _args_main
00000bdd   _c_int00
20000108   _cleanup_ptr
2000010c   _dtors_ptr
20000100   _lock
00000cff   _nop
00000cf7   _register_lock
00000cf1   _register_unlock
20000104   _unlock
00000c6d   abort
ffffffff   binit
00000c25   copy_in
00000c75   exit
00000000   g_pfnVectors
0000026d   i2c_burstsend
000002fd   main
20000114   main_func_sp
00000855   memcpy
20000110   returnData


GLOBAL SYMBOLS: SORTED BY Symbol Address 

address    name
--------   ----
00000000   __TI_static_base__
00000000   g_pfnVectors
00000001   __TI_args_main
00000100   __STACK_SIZE
0000026d   i2c_burstsend
000002fd   main
00000479   SysCtlClockGet
00000651   SysCtlClockSet
0000078d   GPIOPadConfigSet
00000855   __aeabi_memcpy
00000855   __aeabi_memcpy4
00000855   __aeabi_memcpy8
00000855   memcpy
000008f1   SysCtlPeripheralReset
00000985   __TI_auto_init
00000a19   GPIOPinTypeI2CSCL
00000af1   SysCtlPeripheralEnable
00000b49   I2CMasterInitExpClk
00000b95   GPIOPinConfigure
00000bdd   _c_int00
00000c25   copy_in
00000c69   C$$EXIT
00000c6d   abort
00000c75   exit
00000ca9   GPIODirModeSet
00000cd9   _args_main
00000cf1   _register_unlock
00000cf7   _register_lock
00000cff   _nop
00000d05   GPIOPinTypeGPIOOutput
00000d17   GPIOPinTypeI2C
00000d29   __TI_decompress_none
00000d37   ResetISR
00000d43   GPIOPinWrite
00000d4d   I2CMasterEnable
00000d57   I2CMasterBusBusy
00000d5f   I2CMasterBusy
00000d67   I2CMasterSlaveAddrSet
00000d6f   SysCtlDelay
00000d75   __TI_decompress_rle24
00000d7b   I2CMasterControl
00000d7f   I2CMasterDataGet
00000d83   I2CMasterDataPut
00000ec0   __TI_Handler_Table_Base
00000ec8   __TI_CINIT_Base
00000ec8   __TI_Handler_Table_Limit
00000ed0   __TI_CINIT_Limit
20000000   __stack
20000100   __STACK_END
20000100   __STACK_TOP
20000100   _lock
20000104   _unlock
20000108   _cleanup_ptr
2000010c   _dtors_ptr
20000110   returnData
20000114   main_func_sp
ffffffff   __binit__
ffffffff   __c_args__
ffffffff   binit
UNDEFED    SHT$$INIT_ARRAY$$Base
UNDEFED    SHT$$INIT_ARRAY$$Limit

[61 symbols]
