******************************************************************************
                  TI ARM Linker PC v5.0.1                      
******************************************************************************
>> Linked Wed Dec 26 17:15:06 2012

OUTPUT FILE NAME:   <I2C Learning.out>
ENTRY POINT SYMBOL: "_c_int00"  address: 00000b45


MEMORY CONFIGURATION

         name            origin    length      used     unused   attr    fill
----------------------  --------  ---------  --------  --------  ----  --------
  FLASH                 00000000   00040000  00000e28  0003f1d8  R  X
  SRAM                  20000000   00008000  00000114  00007eec  RW X


SEGMENT ALLOCATION MAP

run origin  load origin   length   init length attrs members
----------  ----------- ---------- ----------- ----- -------
00000000    00000000    00000e28   00000e28    r-x
  00000000    00000000    0000026c   0000026c    r-- .intvecs
  0000026c    0000026c    00000a78   00000a78    r-x .text
  00000ce4    00000ce4    00000124   00000124    r-- .const
  00000e08    00000e08    00000020   00000020    r-- .cinit
20000000    20000000    00000100   00000000    rw-
  20000000    20000000    00000100   00000000    rw- .stack
20000100    20000100    00000014   00000014    rw-
  20000100    20000100    00000014   00000014    rw- .data


SECTION ALLOCATION MAP

 output                                  attributes/
section   page    origin      length       input sections
--------  ----  ----------  ----------   ----------------
.intvecs   0    00000000    0000026c     
                  00000000    0000026c     startup_ccs.obj (.intvecs)

.text      0    0000026c    00000a78     
                  0000026c    000001d8     driverlib-cm4f.lib : sysctl.obj (.text:SysCtlClockGet)
                  00000444    00000174     main.obj (.text)
                  000005b8    0000013c     driverlib-cm4f.lib : sysctl.obj (.text:SysCtlClockSet)
                  000006f4    000000c8                        : gpio.obj (.text:GPIOPadConfigSet)
                  000007bc    0000009c     rtsv7M4_T_le_v4SPD16_eabi.lib : memcpy_t2.obj (.text)
                  00000858    00000094     driverlib-cm4f.lib : sysctl.obj (.text:SysCtlPeripheralReset)
                  000008ec    00000094     rtsv7M4_T_le_v4SPD16_eabi.lib : auto_init.obj (.text)
                  00000980    00000078     driverlib-cm4f.lib : gpio.obj (.text:GPIOPinTypeI2CSCL)
                  000009f8    0000005e     rtsv7M4_T_le_v4SPD16_eabi.lib : copy_decompress_rle.obj (.text)
                  00000a56    00000002     --HOLE-- [fill = 0]
                  00000a58    00000058     driverlib-cm4f.lib : sysctl.obj (.text:SysCtlPeripheralEnable)
                  00000ab0    0000004c                        : i2c.obj (.text:I2CMasterInitExpClk)
                  00000afc    00000048                        : gpio.obj (.text:GPIOPinConfigure)
                  00000b44    00000048     rtsv7M4_T_le_v4SPD16_eabi.lib : boot.obj (.text)
                  00000b8c    00000044                                   : cpy_tbl.obj (.text)
                  00000bd0    00000040                                   : exit.obj (.text)
                  00000c10    0000002e     driverlib-cm4f.lib : gpio.obj (.text:GPIODirModeSet)
                  00000c3e    00000002     --HOLE-- [fill = 0]
                  00000c40    00000018     rtsv7M4_T_le_v4SPD16_eabi.lib : args_main.obj (.text)
                  00000c58    00000014                                   : _lock.obj (.text)
                  00000c6c    00000012     driverlib-cm4f.lib : gpio.obj (.text:GPIOPinTypeGPIOOutput)
                  00000c7e    00000012                        : gpio.obj (.text:GPIOPinTypeI2C)
                  00000c90    0000000e     rtsv7M4_T_le_v4SPD16_eabi.lib : copy_decompress_none.obj (.text:decompress:none)
                  00000c9e    0000000c     startup_ccs.obj (.text)
                  00000caa    0000000a     driverlib-cm4f.lib : i2c.obj (.text:I2CMasterEnable)
                  00000cb4    00000008                        : i2c.obj (.text:I2CMasterBusBusy)
                  00000cbc    00000008                        : i2c.obj (.text:I2CMasterBusy)
                  00000cc4    00000008                        : i2c.obj (.text:I2CMasterSlaveAddrSet)
                  00000ccc    00000006                        : sysctl.obj (.text:SysCtlDelay)
                  00000cd2    00000006     rtsv7M4_T_le_v4SPD16_eabi.lib : copy_decompress_rle.obj (.text:decompress:rle24)
                  00000cd8    00000004     driverlib-cm4f.lib : i2c.obj (.text:I2CMasterControl)
                  00000cdc    00000004                        : i2c.obj (.text:I2CMasterDataGet)
                  00000ce0    00000004                        : i2c.obj (.text:I2CMasterDataPut)

.const     0    00000ce4    00000124     
                  00000ce4    00000078     driverlib-cm4f.lib : gpio.obj (.const:g_pulGPIOBaseAddrs)
                  00000d5c    0000006c                        : sysctl.obj (.const:g_pulXtals)
                  00000dc8    00000040                        : sysctl.obj (.const)

.cinit     0    00000e08    00000020     
                  00000e08    0000000f     (.cinit..data.load) [load image, compression = rle]
                  00000e17    00000001     --HOLE-- [fill = 0]
                  00000e18    00000008     (__TI_handler_table)
                  00000e20    00000008     (__TI_cinit_table)

.stack     0    20000000    00000100     UNINITIALIZED
                  20000000    00000100     --HOLE--

.data      0    20000100    00000014     
                  20000100    00000008     rtsv7M4_T_le_v4SPD16_eabi.lib : _lock.obj (.data)
                  20000108    00000008                                   : exit.obj (.data)
                  20000110    00000004                                   : stkdepth_vars.obj (.data)


LINKER GENERATED COPY TABLES

__TI_cinit_table @ 00000e20 records: 1, size/record: 8, table size: 8
	.data: load addr=00000e08, load size=0000000f bytes, run addr=20000100, run size=00000014 bytes, compression=rle


LINKER GENERATED HANDLER TABLE

__TI_handler_table @ 00000e18 records: 2, size/record: 4, table size: 8
	index: 0, handler: __TI_decompress_rle24
	index: 1, handler: __TI_decompress_none


GLOBAL SYMBOLS: SORTED ALPHABETICALLY BY Name 

address    name
--------   ----
00000bd1   C$$EXIT
00000c11   GPIODirModeSet
000006f5   GPIOPadConfigSet
00000afd   GPIOPinConfigure
00000c6d   GPIOPinTypeGPIOOutput
00000c7f   GPIOPinTypeI2C
00000981   GPIOPinTypeI2CSCL
00000cb5   I2CMasterBusBusy
00000cbd   I2CMasterBusy
00000cd9   I2CMasterControl
00000cdd   I2CMasterDataGet
00000ce1   I2CMasterDataPut
00000cab   I2CMasterEnable
00000ab1   I2CMasterInitExpClk
00000cc5   I2CMasterSlaveAddrSet
00000c9f   ResetISR
UNDEFED    SHT$$INIT_ARRAY$$Base
UNDEFED    SHT$$INIT_ARRAY$$Limit
0000026d   SysCtlClockGet
000005b9   SysCtlClockSet
00000ccd   SysCtlDelay
00000a59   SysCtlPeripheralEnable
00000859   SysCtlPeripheralReset
20000100   __STACK_END
00000100   __STACK_SIZE
20000100   __STACK_TOP
00000e20   __TI_CINIT_Base
00000e28   __TI_CINIT_Limit
00000e18   __TI_Handler_Table_Base
00000e20   __TI_Handler_Table_Limit
00000001   __TI_args_main
000008ed   __TI_auto_init
00000c91   __TI_decompress_none
00000cd3   __TI_decompress_rle24
00000000   __TI_static_base__
000007bd   __aeabi_memcpy
000007bd   __aeabi_memcpy4
000007bd   __aeabi_memcpy8
ffffffff   __binit__
ffffffff   __c_args__
20000000   __stack
00000c41   _args_main
00000b45   _c_int00
20000108   _cleanup_ptr
2000010c   _dtors_ptr
20000100   _lock
00000c67   _nop
00000c5f   _register_lock
00000c59   _register_unlock
20000104   _unlock
00000bd5   abort
ffffffff   binit
00000b8d   copy_in
00000bdd   exit
00000000   g_pfnVectors
00000445   i2c_burstsend
000004d5   main
20000110   main_func_sp
000007bd   memcpy


GLOBAL SYMBOLS: SORTED BY Symbol Address 

address    name
--------   ----
00000000   __TI_static_base__
00000000   g_pfnVectors
00000001   __TI_args_main
00000100   __STACK_SIZE
0000026d   SysCtlClockGet
00000445   i2c_burstsend
000004d5   main
000005b9   SysCtlClockSet
000006f5   GPIOPadConfigSet
000007bd   __aeabi_memcpy
000007bd   __aeabi_memcpy4
000007bd   __aeabi_memcpy8
000007bd   memcpy
00000859   SysCtlPeripheralReset
000008ed   __TI_auto_init
00000981   GPIOPinTypeI2CSCL
00000a59   SysCtlPeripheralEnable
00000ab1   I2CMasterInitExpClk
00000afd   GPIOPinConfigure
00000b45   _c_int00
00000b8d   copy_in
00000bd1   C$$EXIT
00000bd5   abort
00000bdd   exit
00000c11   GPIODirModeSet
00000c41   _args_main
00000c59   _register_unlock
00000c5f   _register_lock
00000c67   _nop
00000c6d   GPIOPinTypeGPIOOutput
00000c7f   GPIOPinTypeI2C
00000c91   __TI_decompress_none
00000c9f   ResetISR
00000cab   I2CMasterEnable
00000cb5   I2CMasterBusBusy
00000cbd   I2CMasterBusy
00000cc5   I2CMasterSlaveAddrSet
00000ccd   SysCtlDelay
00000cd3   __TI_decompress_rle24
00000cd9   I2CMasterControl
00000cdd   I2CMasterDataGet
00000ce1   I2CMasterDataPut
00000e18   __TI_Handler_Table_Base
00000e20   __TI_CINIT_Base
00000e20   __TI_Handler_Table_Limit
00000e28   __TI_CINIT_Limit
20000000   __stack
20000100   __STACK_END
20000100   __STACK_TOP
20000100   _lock
20000104   _unlock
20000108   _cleanup_ptr
2000010c   _dtors_ptr
20000110   main_func_sp
ffffffff   __binit__
ffffffff   __c_args__
ffffffff   binit
UNDEFED    SHT$$INIT_ARRAY$$Base
UNDEFED    SHT$$INIT_ARRAY$$Limit

[59 symbols]
