******************************************************************************
                  TI ARM Linker PC v5.0.1                      
******************************************************************************
>> Linked Sat Dec 29 15:32:36 2012

OUTPUT FILE NAME:   <SYSBIOS LED Toggle.out>
ENTRY POINT SYMBOL: "_c_int00"  address: 00004cb5


MEMORY CONFIGURATION

         name            origin    length      used     unused   attr    fill
----------------------  --------  ---------  --------  --------  ----  --------
  FLASH                 00000000   00040000  00008333  00037ccd  R  X
  SRAM                  20000000   00008000  000048a0  00003760  RW X


SEGMENT ALLOCATION MAP

run origin  load origin   length   init length attrs members
----------  ----------- ---------- ----------- ----- -------
00000000    00000000    00008338   00008338    r-x
  00000000    00000000    00000360   00000360    r-- .resetVecs
  00000360    00000360    00005f72   00005f72    r-x .text
  000062d4    000062d4    00001ca9   00001ca9    r-- .const
  00007f80    00007f80    000003b8   000003b8    r-- .cinit
20000000    20000000    0000408c   00000000    rw-
  20000000    20000000    00000360   00000000    rw- .vecs
  20000360    20000360    00002000   00000000    rw- .stack
  20002360    20002360    00001d2c   00000000    rw- .bss
2000408c    2000408c    00000814   00000814    rw-
  2000408c    2000408c    00000814   00000814    rw- .data


SECTION ALLOCATION MAP

 output                                  attributes/
section   page    origin      length       input sections
--------  ----  ----------  ----------   ----------------
.bootVecs 
*          0    00000000    00000008     DSECT
                  00000000    00000008     boot.aem4f : boot.oem4f (.bootVecs)

.resetVecs 
*          0    00000000    00000360     
                  00000000    00000360     app_pem4f.oem4f (.resetVecs)

xdc.meta   0    00000000    000000f0     COPY SECTION
                  00000000    000000f0     app_pem4f.oem4f (xdc.meta)

.text      0    00000360    00005f72     
                  00000360    00000424     sysbios.aem4f : BIOS.obj (.text:ti_sysbios_family_arm_m3_Hwi_excDumpRegs__I)
                  00000784    00000314     ti.targets.arm.rtsarm.aem4f : System.oem4f (.text:xdc_runtime_System_doPrint__I)
                  00000a98    000002f0     sysbios.aem4f : BIOS.obj (.text:ti_sysbios_knl_Task_Instance_finalize__F)
                  00000d88    000002e4     rtsv7M4_T_le_v4SPD16_eabi.lib : trgdrv.obj (.text)
                  0000106c    00000244     sysbios.aem4f : BIOS.obj (.text:ti_sysbios_heaps_HeapMem_free__E)
                  000012b0    00000234                   : BIOS.obj (.text:ti_sysbios_heaps_HeapMem_alloc__E)
                  000014e4    000001fc                   : BIOS.obj (.text:ti_sysbios_family_arm_m3_Hwi_excHandlerMax__I)
                  000016e0    000001e8                   : BIOS.obj (.text:ti_sysbios_knl_Semaphore_pend__E)
                  000018c8    000001e4                   : BIOS.obj (.text:ti_sysbios_knl_Task_Instance_init__F)
                  00001aac    00000174                   : BIOS.obj (.text:ti_sysbios_knl_Task_Module_startup__F)
                  00001c20    00000168                   : BIOS.obj (.text:ti_sysbios_family_arm_m3_Hwi_excBusFault__I)
                  00001d88    00000158                   : BIOS.obj (.text:ti_sysbios_knl_Task_sleep__E)
                  00001ee0    00000154                   : BIOS.obj (.text:ti_sysbios_knl_Task_exit__E)
                  00002034    00000150     ti.targets.arm.rtsarm.aem4f : Core-mem.oem4f (.text:xdc_runtime_Core_createObject__I)
                  00002184    00000148     sysbios.aem4f : BIOS.obj (.text:ti_sysbios_family_arm_m3_Hwi_excUsageFault__I)
                  000022cc    0000013c                   : BIOS.obj (.text:ti_sysbios_heaps_HeapMem_Instance_init__F)
                  00002408    0000013c     ti.targets.arm.rtsarm.aem4f : Error.oem4f (.text:xdc_runtime_Error_raiseX__F)
                  00002544    00000138     sysbios.aem4f : BIOS.obj (.text:ti_sysbios_knl_Semaphore_post__E)
                  0000267c    00000134                   : m3_Hwi_asm.obj (.text:ti_sysbios_family_arm_m3_Hwi_dispatch__I)
                  000027b0    00000134                   : BIOS.obj (.text:ti_sysbios_family_arm_m3_Hwi_excMemFault__I)
                  000028e4    0000012c                   : BIOS.obj (.text:ti_sysbios_family_arm_m3_Hwi_dispatchC__I)
                  00002a10    0000012c                   : BIOS.obj (.text:ti_sysbios_knl_Clock_workFunc__E)
                  00002b3c    0000012c     ti.targets.arm.rtsarm.aem4f : LoggerBuf.oem4f (.text:xdc_runtime_LoggerBuf_write8__F)
                  00002c68    00000124     sysbios.aem4f : BIOS.obj (.text:ti_sysbios_knl_Clock_Instance_init__F)
                  00002d8c    00000114     Boot.aem4f : Boot.oem4f (.text:.bootCodeSection)
                  00002ea0    00000114     main.obj (.text)
                  00002fb4    00000114     sysbios.aem4f : BIOS.obj (.text:ti_sysbios_knl_Swi_run__I)
                  000030c8    00000100                   : BIOS.obj (.text:ti_sysbios_knl_Task_schedule__I)
                  000031c8    00000100                   : BIOS.obj (.text:ti_sysbios_knl_Task_startCore__E)
                  000032c8    000000fc     ti.targets.arm.rtsarm.aem4f : Startup.oem4f (.text:xdc_runtime_Startup_startMods__I)
                  000033c4    000000f8     sysbios.aem4f : BIOS.obj (.text:ti_sysbios_knl_Task_postInit__I)
                  000034bc    000000ee     app_pem4f.oem4f (.text:xdc_runtime_System_printfExtend__I)
                  000035aa    00000002     sysbios.aem4f : BIOS.obj (.text:nullFunc$0)
                  000035ac    000000ec     rtsv7M4_T_le_v4SPD16_eabi.lib : dtor_list.obj (.text)
                  00003698    000000e4     sysbios.aem4f : BIOS.obj (.text:ti_sysbios_family_arm_m3_Hwi_initNVIC__E)
                  0000377c    000000e0                   : BIOS.obj (.text:ti_sysbios_family_arm_lm3_Timer_enableTimers__I)
                  0000385c    000000d4     ti.targets.arm.rtsarm.aem4f : LoggerBuf.oem4f (.text:xdc_runtime_LoggerBuf_write4__F)
                  00003930    000000cc     sysbios.aem4f : BIOS.obj (.text:ti_sysbios_family_arm_lm3_Timer_startup__E)
                  000039fc    000000c8     driverlib-cm4f.lib : gpio.obj (.text:GPIOPadConfigSet)
                  00003ac4    000000c0     sysbios.aem4f : BIOS.obj (.text:ti_sysbios_knl_Task_unblockI__E)
                  00003b84    000000b8                   : BIOS.obj (.text:ti_sysbios_family_arm_lm3_TimestampProvider_get64__E)
                  00003c3c    000000b4                   : BIOS.obj (.text:ti_sysbios_gates_GateMutex_enter__E)
                  00003cf0    000000b4                   : BIOS.obj (.text:ti_sysbios_knl_Task_checkStacks__E)
                  00003da4    000000b0                   : BIOS.obj (.text:ti_sysbios_family_arm_m3_Hwi_excHardFault__I)
                  00003e54    000000b0                   : BIOS.obj (.text:ti_sysbios_knl_Swi_post__E)
                  00003f04    000000b0                   : BIOS.obj (.text:ti_sysbios_knl_Swi_schedule__I)
                  00003fb4    000000ac                   : BIOS.obj (.text:ti_sysbios_knl_Clock_Instance_finalize__F)
                  00004060    000000a8                   : BIOS.obj (.text:ti_sysbios_family_arm_m3_Hwi_excDebugMon__I)
                  00004108    000000a8                   : BIOS.obj (.text:ti_sysbios_knl_Semaphore_Instance_init__F)
                  000041b0    000000a4                   : BIOS.obj (.text:ti_sysbios_family_arm_m3_Hwi_Module_startup__F)
                  00004254    000000a0     auto_init.aem4f : auto_init.oem4f (.text)
                  000042f4    000000a0     sysbios.aem4f : BIOS.obj (.text:ti_sysbios_knl_Task_blockI__E)
                  00004394    0000009c     rtsv7M4_T_le_v4SPD16_eabi.lib : memcpy_t2.obj (.text)
                  00004430    00000092     ti.targets.arm.rtsarm.aem4f : Text.oem4f (.text:xdc_runtime_Text_putSite__F)
                  000044c2    00000002     sysbios.aem4f : BIOS.obj (.text:ti_sysbios_family_arm_lm3_Timer_setNextTick__E)
                  000044c4    00000090     ti.targets.arm.rtsarm.aem4f : Text.oem4f (.text:xdc_runtime_Text_putMod__F)
                  00004554    0000008c     sysbios.aem4f : m3_TaskSupport_asm.obj (.text:_ti_sysbios_family_arm_m3_TaskSupport_buildTaskStack)
                  000045e0    0000008c                   : BIOS.obj (.text:ti_sysbios_family_arm_lm3_Timer_Module_startup__F)
                  0000466c    00000084                   : BIOS.obj (.text:ti_sysbios_family_arm_lm3_Timer_start__E)
                  000046f0    00000080     ti.targets.arm.rtsarm.aem4f : LoggerBuf.oem4f (.text:xdc_runtime_LoggerBuf_setFilterLevel__F)
                  00004770    00000078     rtsv7M4_T_le_v4SPD16_eabi.lib : memset_t2.obj (.text)
                  000047e8    00000070     ti.targets.arm.rtsarm.aem4f : Memory.oem4f (.text:xdc_runtime_Memory_alloc__F)
                  00004858    0000006c     sysbios.aem4f : BIOS.obj (.text:ti_sysbios_knl_Clock_start__E)
                  000048c4    0000006c     ti.targets.arm.rtsarm.aem4f : Error.oem4f (.text:xdc_runtime_Error_print__F)
                  00004930    0000006c                                 : LoggerBuf.oem4f (.text:xdc_runtime_LoggerBuf_getFilterLevel__F)
                  0000499c    00000068     app_pem4f.oem4f (.text:ti_sysbios_knl_Task_Object__create__S)
                  00004a04    00000066     ti.targets.arm.rtsarm.aem4f : Core-mem.oem4f (.text:xdc_runtime_Core_deleteObject__I)
                  00004a6a    00000002     sysbios.aem4f : BIOS.obj (.text:ti_sysbios_gates_GateHwi_Instance_init__F)
                  00004a6c    00000064                   : BIOS.obj (.text:rtsUnlock$0)
                  00004ad0    00000064                   : BIOS.obj (.text:ti_sysbios_knl_Clock_startI__E)
                  00004b34    00000060     rtsv7M4_T_le_v4SPD16_eabi.lib : trgmsg.obj (.text)
                  00004b94    00000060     sysbios.aem4f : BIOS.obj (.text:ti_sysbios_knl_Clock_logTick__E)
                  00004bf4    00000060     app_pem4f.oem4f (.text:xdc_runtime_LoggerBuf_Object__create__S)
                  00004c54    0000005e     rtsv7M4_T_le_v4SPD16_eabi.lib : copy_decompress_rle.obj (.text)
                  00004cb2    00000002     --HOLE-- [fill = 0]
                  00004cb4    00000058     boot.aem4f : boot.oem4f (.text)
                  00004d0c    00000058     driverlib-cm4f.lib : sysctl.obj (.text:SysCtlPeripheralEnable)
                  00004d64    00000058     sysbios.aem4f : BIOS.obj (.text:ti_sysbios_knl_Swi_restoreHwi__E)
                  00004dbc    00000057     ti.targets.arm.rtsarm.aem4f : Text.oem4f (.text:xdc_runtime_Text_putLab__F)
                  00004e13    00000001     --HOLE-- [fill = 0]
                  00004e14    00000050                                 : Startup.oem4f (.text:xdc_runtime_Startup_exec__F)
                  00004e64    00000050                                 : System.oem4f (.text:xdc_runtime_System_formatNum__I)
                  00004eb4    00000050                                 : Text.oem4f (.text:xdc_runtime_Text_visitRope2__I)
                  00004f04    0000004c     sysbios.aem4f : BIOS.obj (.text:ti_sysbios_knl_Clock_getTicks__E)
                  00004f50    0000004c                   : BIOS.obj (.text:ti_sysbios_knl_Task_allBlockedFunction__I)
                  00004f9c    00000048                   : BIOS.obj (.text:ti_sysbios_family_arm_m3_Hwi_excReserved__I)
                  00004fe4    00000048                   : BIOS.obj (.text:ti_sysbios_heaps_HeapMem_getStats__E)
                  0000502c    00000048     ti.targets.arm.rtsarm.aem4f : Assert.oem4f (.text:xdc_runtime_Assert_raise__I)
                  00005074    00000048                                 : Core-params.oem4f (.text:xdc_runtime_Core_assignParams__I)
                  000050bc    00000044     rtsv7M4_T_le_v4SPD16_eabi.lib : cpy_tbl.obj (.text)
                  00005100    00000044     sysbios.aem4f : BIOS.obj (.text:ti_sysbios_BIOS_errorRaiseHook__I)
                  00005144    00000044                   : BIOS.obj (.text:ti_sysbios_family_arm_m3_Hwi_disableInterrupt__E)
                  00005188    00000044                   : BIOS.obj (.text:ti_sysbios_family_arm_m3_Hwi_enableInterrupt__E)
                  000051cc    00000044     ti.targets.arm.rtsarm.aem4f : LoggerBuf.oem4f (.text:xdc_runtime_LoggerBuf_filterOutEvent__I)
                  00005210    00000044                                 : SysMin.oem4f (.text:xdc_runtime_SysMin_flush__F)
                  00005254    00000040     rtsv7M4_T_le_v4SPD16_eabi.lib : exit.obj (.text)
                  00005294    00000040     sysbios.aem4f : BIOS.obj (.text:ti_sysbios_knl_Swi_startup__E)
                  000052d4    00000040     ti.targets.arm.rtsarm.aem4f : System.oem4f (.text:xdc_runtime_System_atexit__F)
                  00005314    0000003c     sysbios.aem4f : BIOS.obj (.text:ti_sysbios_family_arm_m3_Hwi_excSvCall__I)
                  00005350    0000003c                   : BIOS.obj (.text:ti_sysbios_family_arm_m3_TaskSupport_start__E)
                  0000538c    0000003c                   : BIOS.obj (.text:ti_sysbios_heaps_HeapMem_init__I)
                  000053c8    0000003c     app_pem4f.oem4f (.text:ti_sysbios_knl_Clock_Object__create__S)
                  00005404    00000038     sysbios.aem4f : BIOS.obj (.text:ti_sysbios_family_arm_m3_Hwi_excNoIsr__I)
                  0000543c    00000038     app_pem4f.oem4f (.text:ti_sysbios_knl_Semaphore_Object__create__S)
                  00005474    00000038     sysbios.aem4f : BIOS.obj (.text:ti_sysbios_knl_Semaphore_pendTimeout__I)
                  000054ac    00000038     ti.targets.arm.rtsarm.aem4f : LoggerBuf.oem4f (.text:xdc_runtime_LoggerBuf_Instance_init__F)
                  000054e4    00000038                                 : SysMin.oem4f (.text:xdc_runtime_SysMin_putch__F)
                  0000551c    00000034     sysbios.aem4f : BIOS.obj (.text:ti_sysbios_family_arm_m3_Hwi_excNmi__I)
                  00005550    00000034     app_pem4f.oem4f (.text:ti_sysbios_gates_GateHwi_Object__create__S)
                  00005584    00000034     app_pem4f.oem4f (.text:ti_sysbios_gates_GateMutex_Object__create__S)
                  000055b8    00000034     app_pem4f.oem4f (.text:ti_sysbios_heaps_HeapMem_Object__create__S)
                  000055ec    00000034     app_pem4f.oem4f (.text:ti_sysbios_knl_Queue_Object__create__S)
                  00005620    00000034     sysbios.aem4f : BIOS.obj (.text:ti_sysbios_knl_Task_restore__E)
                  00005654    00000031     ti.targets.arm.rtsarm.aem4f : Text.oem4f (.text:xdc_runtime_Text_printVisFxn__I)
                  00005685    00000003     --HOLE-- [fill = 0]
                  00005688    00000030     app_pem4f.oem4f (.text:ti_sysbios_BIOS_exitFunc__I)
                  000056b8    00000030     sysbios.aem4f : BIOS.obj (.text:ti_sysbios_BIOS_exit__E)
                  000056e8    00000030                   : BIOS.obj (.text:ti_sysbios_family_arm_lm3_Timer_getExpiredCounts__E)
                  00005718    00000030                   : BIOS.obj (.text:ti_sysbios_hal_Hwi_checkStack:ti_sysbios_hal_Hwi_checkStack)
                  00005748    00000030                   : BIOS.obj (.text:ti_sysbios_knl_Clock_Module_startup__F)
                  00005778    00000030                   : BIOS.obj (.text:ti_sysbios_knl_Idle_run__E)
                  000057a8    00000030     ti.targets.arm.rtsarm.aem4f : Core-label.oem4f (.text:xdc_runtime_Core_assignLabel__I)
                  000057d8    00000030                                 : SysMin.oem4f (.text:xdc_runtime_SysMin_abort__F)
                  00005808    00000030                                 : Text.oem4f (.text:xdc_runtime_Text_xprintf__I)
                  00005838    0000002e     driverlib-cm4f.lib : gpio.obj (.text:GPIODirModeSet)
                  00005866    0000002e     app_pem4f.oem4f (.text:malloc)
                  00005894    0000002c     sysbios.aem4f : BIOS.obj (.text:ti_sysbios_hal_Hwi_initStack:ti_sysbios_hal_Hwi_initStack)
                  000058c0    0000002c     app_pem4f.oem4f (.text:ti_sysbios_knl_Clock_doTick__I)
                  000058ec    0000002c     ti.targets.arm.rtsarm.aem4f : System.oem4f (.text:xdc_runtime_System_rtsExit__I)
                  00005918    0000002c                                 : Text.oem4f (.text:xdc_runtime_Text_cordText__F)
                  00005944    00000028     sysbios.aem4f : m3_Hwi_asm_switch.obj (.text:_ti_sysbios_family_arm_m3_Hwi_initStacks__E)
                  0000596c    00000028                   : BIOS.obj (.text:ti_sysbios_gates_GateMutex_Instance_init__F)
                  00005994    00000028                   : BIOS.obj (.text:ti_sysbios_knl_Task_sleepTimeout__I)
                  000059bc    00000028     ti.targets.arm.rtsarm.aem4f : LoggerBuf.oem4f (.text:xdc_runtime_LoggerBuf_Module_startup__F)
                  000059e4    00000024     sysbios.aem4f : BIOS.obj (.text:ti_sysbios_BIOS_registerRTSLock__I)
                  00005a08    00000024     app_pem4f.oem4f (.text:ti_sysbios_BIOS_startFunc__I)
                  00005a2c    00000024     sysbios.aem4f : BIOS.obj (.text:ti_sysbios_family_arm_lm3_Timer_isrStub__E)
                  00005a50    00000024                   : BIOS.obj (.text:ti_sysbios_family_arm_m3_Hwi_doTaskRestore__I)
                  00005a74    00000024     app_pem4f.oem4f (.text:ti_sysbios_gates_GateMutex_Object__delete__S)
                  00005a98    00000024     sysbios.aem4f : BIOS.obj (.text:ti_sysbios_knl_Swi_Module_startup__F)
                  00005abc    00000022     app_pem4f.oem4f (.text:xdc_runtime_SysMin_output__I)
                  00005ade    00000002     --HOLE-- [fill = 0]
                  00005ae0    00000020     app_pem4f.oem4f (.text:ti_sysbios_gates_GateHwi_Object__delete__S)
                  00005b00    00000020     app_pem4f.oem4f (.text:ti_sysbios_heaps_HeapMem_Object__delete__S)
                  00005b20    00000020     app_pem4f.oem4f (.text:ti_sysbios_knl_Clock_Object__destruct__S)
                  00005b40    00000020     app_pem4f.oem4f (.text:ti_sysbios_knl_Semaphore_Object__destruct__S)
                  00005b60    00000020     sysbios.aem4f : BIOS.obj (.text:ti_sysbios_knl_Task_enter__I)
                  00005b80    00000020     app_pem4f.oem4f (.text:xdc_runtime_LoggerBuf_Object__delete__S)
                  00005ba0    00000020     ti.targets.arm.rtsarm.aem4f : LoggerBuf.oem4f (.text:xdc_runtime_LoggerBuf_reset__F)
                  00005bc0    00000020                                 : Registry.oem4f (.text:xdc_runtime_Registry_findById__F)
                  00005be0    00000020                                 : SysMin.oem4f (.text:xdc_runtime_SysMin_Module_startup__F)
                  00005c00    00000020                                 : System.oem4f (.text:xdc_runtime_System_avprintf__F)
                  00005c20    00000020                                 : System.oem4f (.text:xdc_runtime_System_putchar__I)
                  00005c40    00000020                                 : System.oem4f (.text:xdc_runtime_System_vprintf__F)
                  00005c60    0000001c     sysbios.aem4f : BIOS.obj (.text:rtsLock$0)
                  00005c7c    0000001c     app_pem4f.oem4f (.text:ti_sysbios_knl_Queue_Object__destruct__S)
                  00005c98    0000001c     ti.targets.arm.rtsarm.aem4f : Error.oem4f (.text:xdc_runtime_Error_check__F)
                  00005cb4    0000001c                                 : Memory.oem4f (.text:xdc_runtime_Memory_valloc__F)
                  00005cd0    0000001c                                 : SysMin.oem4f (.text:xdc_runtime_SysMin_exit__F)
                  00005cec    0000001a     app_pem4f.oem4f (.text:ti_sysbios_family_arm_m3_Hwi_Handle__label__S)
                  00005d06    0000001a     app_pem4f.oem4f (.text:ti_sysbios_gates_GateHwi_Handle__label__S)
                  00005d20    0000001a     app_pem4f.oem4f (.text:ti_sysbios_gates_GateMutex_Handle__label__S)
                  00005d3a    0000001a     app_pem4f.oem4f (.text:ti_sysbios_heaps_HeapMem_Handle__label__S)
                  00005d54    0000001a     app_pem4f.oem4f (.text:ti_sysbios_knl_Swi_Handle__label__S)
                  00005d6e    0000001a     app_pem4f.oem4f (.text:ti_sysbios_knl_Task_Handle__label__S)
                  00005d88    0000001a     app_pem4f.oem4f (.text:xdc_runtime_LoggerBuf_Handle__label__S)
                  00005da2    0000001a     app_pem4f.oem4f (.text:xdc_runtime_System_aprintf__E)
                  00005dbc    0000001a     app_pem4f.oem4f (.text:xdc_runtime_System_printf__E)
                  00005dd6    00000018     sysbios.aem4f : m3_TaskSupport_asm.obj (.text:_ti_sysbios_family_arm_m3_TaskSupport_swap__E)
                  00005dee    00000018     app_pem4f.oem4f (.text:free)
                  00005e06    00000002     --HOLE-- [fill = 0]
                  00005e08    00000018     rtsv7M4_T_le_v4SPD16_eabi.lib : args_main.obj (.text)
                  00005e20    00000018     app_pem4f.oem4f (.text:ti_sysbios_family_arm_lm3_Timer_Module__startupDone__F)
                  00005e38    00000018     app_pem4f.oem4f (.text:ti_sysbios_family_arm_m3_Hwi_Module__startupDone__F)
                  00005e50    00000018     sysbios.aem4f : BIOS.obj (.text:ti_sysbios_gates_GateMutex_leave__E)
                  00005e68    00000018     app_pem4f.oem4f (.text:ti_sysbios_hal_Timer_Module__startupDone__F)
                  00005e80    00000018     ti.targets.arm.rtsarm.aem4f : Text.oem4f (.text:xdc_runtime_Text_ropeText__F)
                  00005e98    00000014     rtsv7M4_T_le_v4SPD16_eabi.lib : _lock.obj (.text)
                  00005eac    00000014                                   : strlen.obj (.text)
                  00005ec0    00000014     sysbios.aem4f : BIOS.obj (.text:ti_sysbios_family_arm_m3_Hwi_switchFromBootStack__E)
                  00005ed4    00000014                   : BIOS.obj (.text:ti_sysbios_gates_GateHwi_enter__E)
                  00005ee8    00000014     app_pem4f.oem4f (.text:ti_sysbios_heaps_HeapMem_Object__get__S)
                  00005efc    00000014     app_pem4f.oem4f (.text:ti_sysbios_knl_Swi_Object__get__S)
                  00005f10    00000014     app_pem4f.oem4f (.text:ti_sysbios_knl_Task_Object__first__S)
                  00005f24    00000014     app_pem4f.oem4f (.text:ti_sysbios_knl_Task_Object__next__S)
                  00005f38    00000014     ti.targets.arm.rtsarm.aem4f : LoggerBuf.oem4f (.text:xdc_runtime_LoggerBuf_Instance_finalize__F)
                  00005f4c    00000014     app_pem4f.oem4f (.text:xdc_runtime_LoggerBuf_Object__get__S)
                  00005f60    00000014     ti.targets.arm.rtsarm.aem4f : LoggerBuf.oem4f (.text:xdc_runtime_LoggerBuf_write2__F)
                  00005f74    00000014                                 : System.oem4f (.text:xdc_runtime_System_abort__F)
                  00005f88    00000012     driverlib-cm4f.lib : gpio.obj (.text:GPIOPinTypeGPIOInput)
                  00005f9a    00000012                        : gpio.obj (.text:GPIOPinTypeGPIOOutput)
                  00005fac    00000012     rtsv7M4_T_le_v4SPD16_eabi.lib : copy_zero_init.obj (.text:decompress:ZI)
                  00005fbe    00000012     sysbios.aem4f : BIOS.obj (.text:ti_sysbios_hal_Hwi_Module_startup__F)
                  00005fd0    00000012                   : BIOS.obj (.text:ti_sysbios_hal_Timer_Module_startup__F)
                  00005fe2    00000012     ti.targets.arm.rtsarm.aem4f : LoggerBuf.oem4f (.text:xdc_runtime_LoggerBuf_write1__F)
                  00005ff4    00000012     app_pem4f.oem4f (.text:xdc_runtime_Startup_exec__I)
                  00006006    00000010     sysbios.aem4f : m3_TaskSupport_asm.obj (.text:_ti_sysbios_family_arm_m3_TaskSupport_glue)
                  00006016    00000010                   : m3_Hwi_asm_switch.obj (.text:_ti_sysbios_family_xxx_Hwi_switchToIsrStack)
                  00006026    00000010     rtsv7M4_T_le_v4SPD16_eabi.lib : strcpy.obj (.text)
                  00006036    00000002     --HOLE-- [fill = 0]
                  00006038    00000010     sysbios.aem4f : BIOS.obj (.text:ti_sysbios_BIOS_setThreadType__E)
                  00006048    00000010                   : BIOS.obj (.text:ti_sysbios_BIOS_start__E)
                  00006058    00000010                   : BIOS.obj (.text:ti_sysbios_family_arm_lm3_TimestampProvider_rolloverFunc__E)
                  00006068    00000010                   : BIOS.obj (.text:ti_sysbios_family_arm_m3_Hwi_excHandler__I)
                  00006078    00000010                   : BIOS.obj (.text:ti_sysbios_gates_GateMutex_Instance_finalize__F)
                  00006088    00000010                   : BIOS.obj (.text:ti_sysbios_knl_Semaphore_Instance_finalize__F)
                  00006098    00000010                   : BIOS.obj (.text:ti_sysbios_knl_Swi_disable__E)
                  000060a8    00000010     app_pem4f.oem4f (.text:ti_sysbios_knl_Task_Object__get__S)
                  000060b8    00000010     sysbios.aem4f : BIOS.obj (.text:ti_sysbios_knl_Task_disable__E)
                  000060c8    00000010     ti.targets.arm.rtsarm.aem4f : Gate.oem4f (.text:xdc_runtime_Gate_leaveSystem__F)
                  000060d8    00000010                                 : LoggerBuf.oem4f (.text:xdc_runtime_LoggerBuf_write0__F)
                  000060e8    00000010                                 : Memory.oem4f (.text:xdc_runtime_Memory_free__F)
                  000060f8    00000010                                 : SysMin.oem4f (.text:xdc_runtime_SysMin_ready__F)
                  00006108    00000010     app_pem4f.oem4f (.text:xdc_runtime_Text_visitRope__I)
                  00006118    0000000e     rtsv7M4_T_le_v4SPD16_eabi.lib : copy_decompress_none.obj (.text:decompress:none)
                  00006126    0000000e     sysbios.aem4f : BIOS.obj (.text:ti_sysbios_family_arm_m3_TaskSupport_checkStack__E)
                  00006134    0000000e                   : BIOS.obj (.text:ti_sysbios_knl_Queue_empty__E)
                  00006142    0000000e     ti.targets.arm.rtsarm.aem4f : System.oem4f (.text:xdc_runtime_System_vsprintf__F)
                  00006150    0000000c     app_pem4f.oem4f (.text:.bootCodeSection:ti_catalog_arm_cortexm3_lm3init_Boot_init)
                  0000615c    0000000c     sysbios.aem4f : m3_Hwi_asm_switch.obj (.text:_ti_sysbios_family_xxx_Hwi_switchToTaskStack)
                  00006168    0000000c                   : BIOS.obj (.text:ti_sysbios_family_arm_lm3_TimestampProvider_startTimer__E)
                  00006174    0000000c                   : BIOS.obj (.text:ti_sysbios_family_arm_m3_TaskSupport_getStackAlignment__E)
                  00006180    0000000c     app_pem4f.oem4f (.text:ti_sysbios_knl_Clock_Params__init__S)
                  0000618c    0000000c     app_pem4f.oem4f (.text:ti_sysbios_knl_Queue_Object__get__S)
                  00006198    0000000c     ti.targets.arm.rtsarm.aem4f : Error.oem4f (.text:xdc_runtime_Error_init__F)
                  000061a4    0000000c                                 : Gate.oem4f (.text:xdc_runtime_Gate_enterSystem__F)
                  000061b0    0000000c                                 : Memory.oem4f (.text:xdc_runtime_Memory_calloc__F)
                  000061bc    0000000c                                 : Memory.oem4f (.text:xdc_runtime_Memory_getMaxDefaultTypeAlign__F)
                  000061c8    0000000c                                 : System.oem4f (.text:xdc_runtime_System_exit__F)
                  000061d4    0000000c                                 : System.oem4f (.text:xdc_runtime_System_lastFxn__I)
                  000061e0    0000000a     driverlib-cm4f.lib : gpio.obj (.text:GPIOPinRead)
                  000061ea    0000000a                        : gpio.obj (.text:GPIOPinWrite)
                  000061f4    0000000a     app_pem4f.oem4f (.text:xdc_runtime_IHeap_alloc)
                  000061fe    0000000a     app_pem4f.oem4f (.text:xdc_runtime_IHeap_free)
                  00006208    0000000a     ti.targets.arm.rtsarm.aem4f : LoggerBuf.oem4f (.text:xdc_runtime_LoggerBuf_disable__F)
                  00006212    0000000a                                 : LoggerBuf.oem4f (.text:xdc_runtime_LoggerBuf_enable__F)
                  0000621c    00000008     sysbios.aem4f : BIOS.obj (.text:ti_sysbios_family_arm_m3_Hwi_doSwiRestore__I)
                  00006224    00000008                   : BIOS.obj (.text:ti_sysbios_family_arm_m3_Hwi_startup__E)
                  0000622c    00000008                   : BIOS.obj (.text:ti_sysbios_knl_Idle_loop__E)
                  00006234    00000006     Boot.aem4f : Boot.oem4f (.text)
                  0000623a    00000006     driverlib-cm4f.lib : sysctl.obj (.text:SysCtlDelay)
                  00006240    00000006     ti.targets.arm.rtsarm.aem4f : xdc_noinit.oem4f (.text:__xdc__init)
                  00006246    00000006     rtsv7M4_T_le_v4SPD16_eabi.lib : copy_decompress_rle.obj (.text:decompress:rle24)
                  0000624c    00000006     sysbios.aem4f : BIOS.obj (.text:ti_sysbios_family_arm_lm3_TimestampProvider_Module_startup__F)
                  00006252    00000006                   : BIOS.obj (.text:ti_sysbios_gates_GateHwi_leave__E)
                  00006258    00000006                   : BIOS.obj (.text:ti_sysbios_heaps_HeapMem_isBlocking__E)
                  0000625e    00000006                   : BIOS.obj (.text:ti_sysbios_knl_Queue_Instance_init__F)
                  00006264    00000006     ti.targets.arm.rtsarm.aem4f : System.oem4f (.text:xdc_runtime_System_Module_startup__F)
                  0000626a    00000004     app_pem4f.oem4f (.text:ti_sysbios_BIOS_RtsGateProxy_enter__E)
                  0000626e    00000004     app_pem4f.oem4f (.text:ti_sysbios_BIOS_RtsGateProxy_leave__E)
                  00006272    00000004     sysbios.aem4f : BIOS.obj (.text:ti_sysbios_family_arm_lm3_Timer_getPeriod__E)
                  00006276    00000004     app_pem4f.oem4f (.text:ti_sysbios_family_arm_m3_TaskSupport_Module__startupDone__S)
                  0000627a    00000004     sysbios.aem4f : BIOS.obj (.text:ti_sysbios_gates_GateHwi_query__F)
                  0000627e    00000004                   : BIOS.obj (.text:ti_sysbios_gates_GateMutex_query__F)
                  00006282    00000004     app_pem4f.oem4f (.text:ti_sysbios_hal_Hwi_HwiProxy_Module__startupDone__S)
                  00006286    00000004     app_pem4f.oem4f (.text:ti_sysbios_hal_Timer_TimerProxy_Module__startupDone__S)
                  0000628a    00000004     app_pem4f.oem4f (.text:ti_sysbios_hal_Timer_TimerProxy_getExpiredCounts__E)
                  0000628e    00000004     app_pem4f.oem4f (.text:ti_sysbios_hal_Timer_TimerProxy_getPeriod__E)
                  00006292    00000004     app_pem4f.oem4f (.text:ti_sysbios_hal_Timer_TimerProxy_setNextTick__E)
                  00006296    00000004     app_pem4f.oem4f (.text:ti_sysbios_heaps_HeapMem_Module_GateProxy_enter__E)
                  0000629a    00000004     app_pem4f.oem4f (.text:ti_sysbios_heaps_HeapMem_Module_GateProxy_leave__E)
                  0000629e    00000004     app_pem4f.oem4f (.text:ti_sysbios_knl_Task_SupportProxy_Module__startupDone__S)
                  000062a2    00000004     sysbios.aem4f : BIOS.obj (.text:ti_sysbios_knl_Task_startup__E)
                  000062a6    00000004     ti.targets.arm.rtsarm.aem4f : Error.oem4f (.text:xdc_runtime_Error_getSite__F)
                  000062aa    00000004     app_pem4f.oem4f (.text:xdc_runtime_LoggerBuf_Module_GateProxy_enter__E)
                  000062ae    00000004     app_pem4f.oem4f (.text:xdc_runtime_LoggerBuf_Module_GateProxy_leave__E)
                  000062b2    00000004     app_pem4f.oem4f (.text:xdc_runtime_Memory_HeapProxy_alloc__E)
                  000062b6    00000004     app_pem4f.oem4f (.text:xdc_runtime_Memory_HeapProxy_free__E)
                  000062ba    00000004     app_pem4f.oem4f (.text:xdc_runtime_Startup_reset__I)
                  000062be    00000004     app_pem4f.oem4f (.text:xdc_runtime_System_Module_GateProxy_enter__E)
                  000062c2    00000004     app_pem4f.oem4f (.text:xdc_runtime_System_Module_GateProxy_leave__E)
                  000062c6    00000004     ti.targets.arm.rtsarm.aem4f : System.oem4f (.text:xdc_runtime_System_aprintf_va__F)
                  000062ca    00000004                                 : System.oem4f (.text:xdc_runtime_System_printf_va__F)
                  000062ce    00000004     app_pem4f.oem4f (.text:xdc_runtime_System_vsprintf__E)

.const     0    000062d4    00001ca9     
                  000062d4    0000143f     app_pem4f.oem4f (.const:xdc_runtime_Text_charTab__A)
                  00007713    00000001     --HOLE-- [fill = 0]
                  00007714    000000d8     app_pem4f.oem4f (.const:ti_sysbios_family_arm_m3_Hwi_priorities__A)
                  000077ec    000000b0     app_pem4f.oem4f (.const:xdc_runtime_Text_nodeTab__A)
                  0000789c    00000048     app_pem4f.oem4f (.const:.string)
                  000078e4    00000040     driverlib-cm4f.lib : sysctl.obj (.const)
                  00007924    0000003c     app_pem4f.oem4f (.const:ti_sysbios_knl_Task_Object__PARAMS__C)
                  00007960    0000003c     app_pem4f.oem4f (.const:xdc_runtime_LoggerBuf_Module__FXNS__C)
                  0000799c    0000002c     app_pem4f.oem4f (.const:xdc_runtime_Startup_sfxnTab__A)
                  000079c8    00000028     app_pem4f.oem4f (.const:ti_sysbios_heaps_HeapMem_Module__FXNS__C)
                  000079f0    00000024     app_pem4f.oem4f (.const:ti_sysbios_gates_GateHwi_Module__FXNS__C)
                  00007a14    00000024     app_pem4f.oem4f (.const:ti_sysbios_gates_GateMutex_Module__FXNS__C)
                  00007a38    00000024     app_pem4f.oem4f (.const:ti_sysbios_heaps_HeapMem_Object__PARAMS__C)
                  00007a5c    00000024     app_pem4f.oem4f (.const:ti_sysbios_knl_Clock_Object__PARAMS__C)
                  00007a80    00000024     app_pem4f.oem4f (.const:ti_sysbios_knl_Semaphore_Object__PARAMS__C)
                  00007aa4    00000024     app_pem4f.oem4f (.const:xdc_runtime_LoggerBuf_Object__PARAMS__C)
                  00007ac8    00000020     app_pem4f.oem4f (.const:ti_sysbios_gates_GateHwi_Object__DESC__C)
                  00007ae8    00000020     app_pem4f.oem4f (.const:ti_sysbios_gates_GateMutex_Object__DESC__C)
                  00007b08    00000020     app_pem4f.oem4f (.const:ti_sysbios_heaps_HeapMem_Object__DESC__C)
                  00007b28    00000020     app_pem4f.oem4f (.const:ti_sysbios_knl_Clock_Object__DESC__C)
                  00007b48    00000020     app_pem4f.oem4f (.const:ti_sysbios_knl_Queue_Object__DESC__C)
                  00007b68    00000020     app_pem4f.oem4f (.const:ti_sysbios_knl_Semaphore_Object__DESC__C)
                  00007b88    00000020     app_pem4f.oem4f (.const:ti_sysbios_knl_Task_Object__DESC__C)
                  00007ba8    00000020     app_pem4f.oem4f (.const:xdc_runtime_LoggerBuf_Object__DESC__C)
                  00007bc8    00000018     app_pem4f.oem4f (.const:ti_sysbios_gates_GateHwi_Object__PARAMS__C)
                  00007be0    00000018     app_pem4f.oem4f (.const:ti_sysbios_gates_GateMutex_Object__PARAMS__C)
                  00007bf8    00000018     app_pem4f.oem4f (.const:ti_sysbios_knl_Queue_Object__PARAMS__C)
                  00007c10    00000018     app_pem4f.oem4f (.const:ti_sysbios_knl_Task_hooks__A)
                  00007c28    00000016     app_pem4f.oem4f (.const:xdc_runtime_Startup_sfxnRts__A)
                  00007c3e    00000002     --HOLE-- [fill = 0]
                  00007c40    00000011     ti.targets.arm.rtsarm.aem4f : System.oem4f (.const)
                  00007c51    00000003     --HOLE-- [fill = 0]
                  00007c54    00000010     app_pem4f.oem4f (.const:xdc_runtime_Startup_firstFxns__A)
                  00007c64    00000008     app_pem4f.oem4f (.const:ti_sysbios_family_arm_m3_Hwi_excHookFuncs__A)
                  00007c6c    00000008     app_pem4f.oem4f (.const:ti_sysbios_knl_Idle_coreList__A)
                  00007c74    00000008     app_pem4f.oem4f (.const:ti_sysbios_knl_Idle_coreList__C)
                  00007c7c    00000008     app_pem4f.oem4f (.const:ti_sysbios_knl_Idle_funcList__A)
                  00007c84    00000008     app_pem4f.oem4f (.const:ti_sysbios_knl_Idle_funcList__C)
                  00007c8c    00000008     app_pem4f.oem4f (.const:ti_sysbios_knl_Task_hooks__C)
                  00007c94    00000008     app_pem4f.oem4f (.const:xdc_runtime_Startup_firstFxns__C)
                  00007c9c    00000008     app_pem4f.oem4f (.const:xdc_runtime_Startup_lastFxns__A)
                  00007ca4    00000008     app_pem4f.oem4f (.const:xdc_runtime_Startup_lastFxns__C)
                  00007cac    00000004     app_pem4f.oem4f (.const:ti_sysbios_BIOS_Module__diagsEnabled__C)
                  00007cb0    00000004     app_pem4f.oem4f (.const:ti_sysbios_BIOS_Module__diagsIncluded__C)
                  00007cb4    00000004     app_pem4f.oem4f (.const:ti_sysbios_BIOS_Module__diagsMask__C)
                  00007cb8    00000004     app_pem4f.oem4f (.const:ti_sysbios_BIOS_installedErrorHook__C)
                  00007cbc    00000004     app_pem4f.oem4f (.const:ti_sysbios_family_arm_lm3_Timer_WRALLOW__C)
                  00007cc0    00000004     app_pem4f.oem4f (.const:ti_sysbios_family_arm_lm3_Timer_numTimerDevices__C)
                  00007cc4    00000004     app_pem4f.oem4f (.const:ti_sysbios_family_arm_lm3_Timer_startupNeeded__C)
                  00007cc8    00000004     app_pem4f.oem4f (.const:ti_sysbios_family_arm_m3_Hwi_E_NMI__C)
                  00007ccc    00000004     app_pem4f.oem4f (.const:ti_sysbios_family_arm_m3_Hwi_E_busFault__C)
                  00007cd0    00000004     app_pem4f.oem4f (.const:ti_sysbios_family_arm_m3_Hwi_E_debugMon__C)
                  00007cd4    00000004     app_pem4f.oem4f (.const:ti_sysbios_family_arm_m3_Hwi_E_hardFault__C)
                  00007cd8    00000004     app_pem4f.oem4f (.const:ti_sysbios_family_arm_m3_Hwi_E_memFault__C)
                  00007cdc    00000004     app_pem4f.oem4f (.const:ti_sysbios_family_arm_m3_Hwi_E_noIsr__C)
                  00007ce0    00000004     app_pem4f.oem4f (.const:ti_sysbios_family_arm_m3_Hwi_E_reserved__C)
                  00007ce4    00000004     app_pem4f.oem4f (.const:ti_sysbios_family_arm_m3_Hwi_E_svCall__C)
                  00007ce8    00000004     app_pem4f.oem4f (.const:ti_sysbios_family_arm_m3_Hwi_E_usageFault__C)
                  00007cec    00000004     app_pem4f.oem4f (.const:ti_sysbios_family_arm_m3_Hwi_LD_end__C)
                  00007cf0    00000004     app_pem4f.oem4f (.const:ti_sysbios_family_arm_m3_Hwi_LM_begin__C)
                  00007cf4    00000004     app_pem4f.oem4f (.const:ti_sysbios_family_arm_m3_Hwi_Module__diagsEnabled__C)
                  00007cf8    00000004     app_pem4f.oem4f (.const:ti_sysbios_family_arm_m3_Hwi_Module__diagsIncluded__C)
                  00007cfc    00000004     app_pem4f.oem4f (.const:ti_sysbios_family_arm_m3_Hwi_Module__diagsMask__C)
                  00007d00    00000004     app_pem4f.oem4f (.const:ti_sysbios_family_arm_m3_Hwi_Module__loggerFxn1__C)
                  00007d04    00000004     app_pem4f.oem4f (.const:ti_sysbios_family_arm_m3_Hwi_Module__loggerFxn8__C)
                  00007d08    00000004     app_pem4f.oem4f (.const:ti_sysbios_family_arm_m3_Hwi_Module__loggerObj__C)
                  00007d0c    00000004     app_pem4f.oem4f (.const:ti_sysbios_family_arm_m3_Hwi_NUM_INTERRUPTS__C)
                  00007d10    00000004     app_pem4f.oem4f (.const:ti_sysbios_family_arm_m3_Hwi_ccr__C)
                  00007d14    00000004     app_pem4f.oem4f (.const:ti_sysbios_family_arm_m3_Hwi_disablePriority__C)
                  00007d18    00000004     app_pem4f.oem4f (.const:ti_sysbios_family_arm_m3_Hwi_dispatchTable__C)
                  00007d1c    00000004     app_pem4f.oem4f (.const:ti_sysbios_family_arm_m3_Hwi_excHandlerFunc__C)
                  00007d20    00000004     app_pem4f.oem4f (.const:ti_sysbios_family_arm_m3_Hwi_excHookFuncs__C)
                  00007d24    00000004     app_pem4f.oem4f (.const:ti_sysbios_family_arm_m3_Hwi_priGroup__C)
                  00007d28    00000004     app_pem4f.oem4f (.const:ti_sysbios_family_arm_m3_Hwi_priorities__C)
                  00007d2c    00000004     app_pem4f.oem4f (.const:ti_sysbios_family_arm_m3_TaskSupport_stackAlignment__C)
                  00007d30    00000004     app_pem4f.oem4f (.const:ti_sysbios_gates_GateMutex_A_badContext__C)
                  00007d34    00000004     app_pem4f.oem4f (.const:ti_sysbios_gates_GateMutex_Instance_State_sem__O)
                  00007d38    00000004     app_pem4f.oem4f (.const:ti_sysbios_gates_GateMutex_Module__diagsEnabled__C)
                  00007d3c    00000004     app_pem4f.oem4f (.const:ti_sysbios_gates_GateMutex_Module__diagsIncluded__C)
                  00007d40    00000004     app_pem4f.oem4f (.const:ti_sysbios_gates_GateMutex_Module__diagsMask__C)
                  00007d44    00000004     app_pem4f.oem4f (.const:ti_sysbios_hal_Hwi_E_stackOverflow__C)
                  00007d48    00000004     app_pem4f.oem4f (.const:ti_sysbios_heaps_HeapMem_A_align__C)
                  00007d4c    00000004     app_pem4f.oem4f (.const:ti_sysbios_heaps_HeapMem_A_heapSize__C)
                  00007d50    00000004     app_pem4f.oem4f (.const:ti_sysbios_heaps_HeapMem_A_invalidFree__C)
                  00007d54    00000004     app_pem4f.oem4f (.const:ti_sysbios_heaps_HeapMem_A_zeroBlock__C)
                  00007d58    00000004     app_pem4f.oem4f (.const:ti_sysbios_heaps_HeapMem_E_memory__C)
                  00007d5c    00000004     app_pem4f.oem4f (.const:ti_sysbios_heaps_HeapMem_Module__diagsEnabled__C)
                  00007d60    00000004     app_pem4f.oem4f (.const:ti_sysbios_heaps_HeapMem_Module__diagsIncluded__C)
                  00007d64    00000004     app_pem4f.oem4f (.const:ti_sysbios_heaps_HeapMem_Module__diagsMask__C)
                  00007d68    00000004     app_pem4f.oem4f (.const:ti_sysbios_heaps_HeapMem_Module__gateObj__C)
                  00007d6c    00000004     app_pem4f.oem4f (.const:ti_sysbios_heaps_HeapMem_Object__count__C)
                  00007d70    00000004     app_pem4f.oem4f (.const:ti_sysbios_heaps_HeapMem_reqAlign__C)
                  00007d74    00000004     app_pem4f.oem4f (.const:ti_sysbios_knl_Clock_A_badThreadType__C)
                  00007d78    00000004     app_pem4f.oem4f (.const:ti_sysbios_knl_Clock_LM_begin__C)
                  00007d7c    00000004     app_pem4f.oem4f (.const:ti_sysbios_knl_Clock_LM_tick__C)
                  00007d80    00000004     app_pem4f.oem4f (.const:ti_sysbios_knl_Clock_LW_delayed__C)
                  00007d84    00000004     app_pem4f.oem4f (.const:ti_sysbios_knl_Clock_Module_State_clockQ__O)
                  00007d88    00000004     app_pem4f.oem4f (.const:ti_sysbios_knl_Clock_Module__diagsEnabled__C)
                  00007d8c    00000004     app_pem4f.oem4f (.const:ti_sysbios_knl_Clock_Module__diagsIncluded__C)
                  00007d90    00000004     app_pem4f.oem4f (.const:ti_sysbios_knl_Clock_Module__diagsMask__C)
                  00007d94    00000004     app_pem4f.oem4f (.const:ti_sysbios_knl_Clock_Module__loggerFxn1__C)
                  00007d98    00000004     app_pem4f.oem4f (.const:ti_sysbios_knl_Clock_Module__loggerFxn2__C)
                  00007d9c    00000004     app_pem4f.oem4f (.const:ti_sysbios_knl_Clock_Module__loggerObj__C)
                  00007da0    00000004     app_pem4f.oem4f (.const:ti_sysbios_knl_Semaphore_A_badContext__C)
                  00007da4    00000004     app_pem4f.oem4f (.const:ti_sysbios_knl_Semaphore_A_noEvents__C)
                  00007da8    00000004     app_pem4f.oem4f (.const:ti_sysbios_knl_Semaphore_A_overflow__C)
                  00007dac    00000004     app_pem4f.oem4f (.const:ti_sysbios_knl_Semaphore_Instance_State_pendQ__O)
                  00007db0    00000004     app_pem4f.oem4f (.const:ti_sysbios_knl_Semaphore_LM_pend__C)
                  00007db4    00000004     app_pem4f.oem4f (.const:ti_sysbios_knl_Semaphore_LM_post__C)
                  00007db8    00000004     app_pem4f.oem4f (.const:ti_sysbios_knl_Semaphore_Module__diagsEnabled__C)
                  00007dbc    00000004     app_pem4f.oem4f (.const:ti_sysbios_knl_Semaphore_Module__diagsIncluded__C)
                  00007dc0    00000004     app_pem4f.oem4f (.const:ti_sysbios_knl_Semaphore_Module__diagsMask__C)
                  00007dc4    00000004     app_pem4f.oem4f (.const:ti_sysbios_knl_Semaphore_Module__loggerFxn2__C)
                  00007dc8    00000004     app_pem4f.oem4f (.const:ti_sysbios_knl_Semaphore_Module__loggerFxn4__C)
                  00007dcc    00000004     app_pem4f.oem4f (.const:ti_sysbios_knl_Semaphore_Module__loggerObj__C)
                  00007dd0    00000004     app_pem4f.oem4f (.const:ti_sysbios_knl_Swi_LD_end__C)
                  00007dd4    00000004     app_pem4f.oem4f (.const:ti_sysbios_knl_Swi_LM_begin__C)
                  00007dd8    00000004     app_pem4f.oem4f (.const:ti_sysbios_knl_Swi_LM_post__C)
                  00007ddc    00000004     app_pem4f.oem4f (.const:ti_sysbios_knl_Swi_Module__diagsEnabled__C)
                  00007de0    00000004     app_pem4f.oem4f (.const:ti_sysbios_knl_Swi_Module__diagsIncluded__C)
                  00007de4    00000004     app_pem4f.oem4f (.const:ti_sysbios_knl_Swi_Module__diagsMask__C)
                  00007de8    00000004     app_pem4f.oem4f (.const:ti_sysbios_knl_Swi_Module__loggerFxn1__C)
                  00007dec    00000004     app_pem4f.oem4f (.const:ti_sysbios_knl_Swi_Module__loggerFxn4__C)
                  00007df0    00000004     app_pem4f.oem4f (.const:ti_sysbios_knl_Swi_Module__loggerObj__C)
                  00007df4    00000004     app_pem4f.oem4f (.const:ti_sysbios_knl_Swi_Object__count__C)
                  00007df8    00000004     app_pem4f.oem4f (.const:ti_sysbios_knl_Task_A_badPriority__C)
                  00007dfc    00000004     app_pem4f.oem4f (.const:ti_sysbios_knl_Task_A_badTaskState__C)
                  00007e00    00000004     app_pem4f.oem4f (.const:ti_sysbios_knl_Task_A_badThreadType__C)
                  00007e04    00000004     app_pem4f.oem4f (.const:ti_sysbios_knl_Task_A_badTimeout__C)
                  00007e08    00000004     app_pem4f.oem4f (.const:ti_sysbios_knl_Task_A_noPendElem__C)
                  00007e0c    00000004     app_pem4f.oem4f (.const:ti_sysbios_knl_Task_E_deleteNotAllowed__C)
                  00007e10    00000004     app_pem4f.oem4f (.const:ti_sysbios_knl_Task_E_spOutOfBounds__C)
                  00007e14    00000004     app_pem4f.oem4f (.const:ti_sysbios_knl_Task_E_stackOverflow__C)
                  00007e18    00000004     app_pem4f.oem4f (.const:ti_sysbios_knl_Task_LD_block__C)
                  00007e1c    00000004     app_pem4f.oem4f (.const:ti_sysbios_knl_Task_LD_exit__C)
                  00007e20    00000004     app_pem4f.oem4f (.const:ti_sysbios_knl_Task_LD_ready__C)
                  00007e24    00000004     app_pem4f.oem4f (.const:ti_sysbios_knl_Task_LM_sleep__C)
                  00007e28    00000004     app_pem4f.oem4f (.const:ti_sysbios_knl_Task_LM_switch__C)
                  00007e2c    00000004     app_pem4f.oem4f (.const:ti_sysbios_knl_Task_Module_State_inactiveQ__O)
                  00007e30    00000004     app_pem4f.oem4f (.const:ti_sysbios_knl_Task_Module_State_terminatedQ__O)
                  00007e34    00000004     app_pem4f.oem4f (.const:ti_sysbios_knl_Task_Module__diagsEnabled__C)
                  00007e38    00000004     app_pem4f.oem4f (.const:ti_sysbios_knl_Task_Module__diagsIncluded__C)
                  00007e3c    00000004     app_pem4f.oem4f (.const:ti_sysbios_knl_Task_Module__diagsMask__C)
                  00007e40    00000004     app_pem4f.oem4f (.const:ti_sysbios_knl_Task_Module__loggerFxn2__C)
                  00007e44    00000004     app_pem4f.oem4f (.const:ti_sysbios_knl_Task_Module__loggerFxn4__C)
                  00007e48    00000004     app_pem4f.oem4f (.const:ti_sysbios_knl_Task_Module__loggerObj__C)
                  00007e4c    00000004     app_pem4f.oem4f (.const:ti_sysbios_knl_Task_Object__count__C)
                  00007e50    00000004     app_pem4f.oem4f (.const:ti_sysbios_knl_Task_Object__heap__C)
                  00007e54    00000004     app_pem4f.oem4f (.const:ti_sysbios_knl_Task_allBlockedFunc__C)
                  00007e58    00000004     app_pem4f.oem4f (.const:ti_sysbios_knl_Task_defaultStackHeap__C)
                  00007e5c    00000004     app_pem4f.oem4f (.const:ti_sysbios_knl_Task_defaultStackSize__C)
                  00007e60    00000004     app_pem4f.oem4f (.const:ti_sysbios_knl_Task_numConstructedTasks__C)
                  00007e64    00000004     app_pem4f.oem4f (.const:ti_sysbios_knl_Task_numPriorities__C)
                  00007e68    00000004     app_pem4f.oem4f (.const:xdc_runtime_Assert_E_assertFailed__C)
                  00007e6c    00000004     app_pem4f.oem4f (.const:xdc_runtime_Core_A_initializedParams__C)
                  00007e70    00000004     app_pem4f.oem4f (.const:xdc_runtime_Core_Module__diagsEnabled__C)
                  00007e74    00000004     app_pem4f.oem4f (.const:xdc_runtime_Core_Module__diagsIncluded__C)
                  00007e78    00000004     app_pem4f.oem4f (.const:xdc_runtime_Core_Module__diagsMask__C)
                  00007e7c    00000004     app_pem4f.oem4f (.const:xdc_runtime_Error_E_generic__C)
                  00007e80    00000004     app_pem4f.oem4f (.const:xdc_runtime_Error_E_memory__C)
                  00007e84    00000004     app_pem4f.oem4f (.const:xdc_runtime_Error_Module__diagsEnabled__C)
                  00007e88    00000004     app_pem4f.oem4f (.const:xdc_runtime_Error_Module__diagsIncluded__C)
                  00007e8c    00000004     app_pem4f.oem4f (.const:xdc_runtime_Error_Module__diagsMask__C)
                  00007e90    00000004     app_pem4f.oem4f (.const:xdc_runtime_Error_Module__loggerFxn8__C)
                  00007e94    00000004     app_pem4f.oem4f (.const:xdc_runtime_Error_Module__loggerObj__C)
                  00007e98    00000004     app_pem4f.oem4f (.const:xdc_runtime_Error_raiseHook__C)
                  00007e9c    00000004     app_pem4f.oem4f (.const:xdc_runtime_IFilterLogger_Interface__BASE__C)
                  00007ea0    00000004     app_pem4f.oem4f (.const:xdc_runtime_IGateProvider_Interface__BASE__C)
                  00007ea4    00000004     app_pem4f.oem4f (.const:xdc_runtime_IHeap_Interface__BASE__C)
                  00007ea8    00000004     app_pem4f.oem4f (.const:xdc_runtime_ILogger_Interface__BASE__C)
                  00007eac    00000004     app_pem4f.oem4f (.const:xdc_runtime_IModule_Interface__BASE__C)
                  00007eb0    00000004     app_pem4f.oem4f (.const:xdc_runtime_Log_L_error__C)
                  00007eb4    00000004     app_pem4f.oem4f (.const:xdc_runtime_LoggerBuf_E_badLevel__C)
                  00007eb8    00000004     app_pem4f.oem4f (.const:xdc_runtime_LoggerBuf_Module__gateObj__C)
                  00007ebc    00000004     app_pem4f.oem4f (.const:xdc_runtime_LoggerBuf_Object__count__C)
                  00007ec0    00000004     app_pem4f.oem4f (.const:xdc_runtime_LoggerBuf_statusLogger__C)
                  00007ec4    00000004     app_pem4f.oem4f (.const:xdc_runtime_Memory_defaultHeapInstance__C)
                  00007ec8    00000004     app_pem4f.oem4f (.const:xdc_runtime_Startup_execImpl__C)
                  00007ecc    00000004     app_pem4f.oem4f (.const:xdc_runtime_Startup_maxPasses__C)
                  00007ed0    00000004     app_pem4f.oem4f (.const:xdc_runtime_Startup_sfxnRts__C)
                  00007ed4    00000004     app_pem4f.oem4f (.const:xdc_runtime_Startup_sfxnTab__C)
                  00007ed8    00000004     app_pem4f.oem4f (.const:xdc_runtime_SysMin_bufSize__C)
                  00007edc    00000004     app_pem4f.oem4f (.const:xdc_runtime_SysMin_outputFunc__C)
                  00007ee0    00000004     app_pem4f.oem4f (.const:xdc_runtime_System_Module__gateObj__C)
                  00007ee4    00000004     app_pem4f.oem4f (.const:xdc_runtime_System_extendFxn__C)
                  00007ee8    00000004     app_pem4f.oem4f (.const:xdc_runtime_System_maxAtexitHandlers__C)
                  00007eec    00000004     app_pem4f.oem4f (.const:xdc_runtime_Text_charTab__C)
                  00007ef0    00000004     app_pem4f.oem4f (.const:xdc_runtime_Text_nameEmpty__C)
                  00007ef4    00000004     app_pem4f.oem4f (.const:xdc_runtime_Text_nameStatic__C)
                  00007ef8    00000004     app_pem4f.oem4f (.const:xdc_runtime_Text_nameUnknown__C)
                  00007efc    00000004     app_pem4f.oem4f (.const:xdc_runtime_Text_nodeTab__C)
                  00007f00    00000004     app_pem4f.oem4f (.const:xdc_runtime_Text_visitRopeFxn__C)
                  00007f04    00000002     app_pem4f.oem4f (.const:ti_sysbios_BIOS_Module__id__C)
                  00007f06    00000002     --HOLE-- [fill = 0]
                  00007f08    00000002     app_pem4f.oem4f (.const:ti_sysbios_family_arm_lm3_TimestampProvider_useClockTimer__C)
                  00007f0a    00000002     --HOLE-- [fill = 0]
                  00007f0c    00000002     app_pem4f.oem4f (.const:ti_sysbios_family_arm_m3_Hwi_Module__id__C)
                  00007f0e    00000002     --HOLE-- [fill = 0]
                  00007f10    00000002     app_pem4f.oem4f (.const:ti_sysbios_family_arm_m3_Hwi_Module__loggerDefined__C)
                  00007f12    00000002     --HOLE-- [fill = 0]
                  00007f14    00000002     app_pem4f.oem4f (.const:ti_sysbios_gates_GateMutex_Module__id__C)
                  00007f16    00000002     --HOLE-- [fill = 0]
                  00007f18    00000002     app_pem4f.oem4f (.const:ti_sysbios_hal_Hwi_Module__id__C)
                  00007f1a    00000002     --HOLE-- [fill = 0]
                  00007f1c    00000002     app_pem4f.oem4f (.const:ti_sysbios_heaps_HeapMem_Module__id__C)
                  00007f1e    00000002     --HOLE-- [fill = 0]
                  00007f20    00000002     app_pem4f.oem4f (.const:ti_sysbios_knl_Clock_Module__id__C)
                  00007f22    00000002     --HOLE-- [fill = 0]
                  00007f24    00000002     app_pem4f.oem4f (.const:ti_sysbios_knl_Clock_Module__loggerDefined__C)
                  00007f26    00000002     --HOLE-- [fill = 0]
                  00007f28    00000002     app_pem4f.oem4f (.const:ti_sysbios_knl_Semaphore_Module__id__C)
                  00007f2a    00000002     --HOLE-- [fill = 0]
                  00007f2c    00000002     app_pem4f.oem4f (.const:ti_sysbios_knl_Semaphore_Module__loggerDefined__C)
                  00007f2e    00000002     --HOLE-- [fill = 0]
                  00007f30    00000002     app_pem4f.oem4f (.const:ti_sysbios_knl_Swi_Module__id__C)
                  00007f32    00000002     --HOLE-- [fill = 0]
                  00007f34    00000002     app_pem4f.oem4f (.const:ti_sysbios_knl_Swi_Module__loggerDefined__C)
                  00007f36    00000002     --HOLE-- [fill = 0]
                  00007f38    00000002     app_pem4f.oem4f (.const:ti_sysbios_knl_Task_Module__id__C)
                  00007f3a    00000002     --HOLE-- [fill = 0]
                  00007f3c    00000002     app_pem4f.oem4f (.const:ti_sysbios_knl_Task_Module__loggerDefined__C)
                  00007f3e    00000002     --HOLE-- [fill = 0]
                  00007f40    00000002     app_pem4f.oem4f (.const:ti_sysbios_knl_Task_deleteTerminatedTasks__C)
                  00007f42    00000002     --HOLE-- [fill = 0]
                  00007f44    00000002     app_pem4f.oem4f (.const:ti_sysbios_knl_Task_initStackFlag__C)
                  00007f46    00000002     --HOLE-- [fill = 0]
                  00007f48    00000002     app_pem4f.oem4f (.const:xdc_runtime_Core_Module__id__C)
                  00007f4a    00000002     --HOLE-- [fill = 0]
                  00007f4c    00000002     app_pem4f.oem4f (.const:xdc_runtime_Error_Module__loggerDefined__C)
                  00007f4e    00000002     --HOLE-- [fill = 0]
                  00007f50    00000002     app_pem4f.oem4f (.const:xdc_runtime_Error_maxDepth__C)
                  00007f52    00000002     --HOLE-- [fill = 0]
                  00007f54    00000002     app_pem4f.oem4f (.const:xdc_runtime_LoggerBuf_Module__id__C)
                  00007f56    00000002     --HOLE-- [fill = 0]
                  00007f58    00000002     app_pem4f.oem4f (.const:xdc_runtime_LoggerBuf_filterByLevel__C)
                  00007f5a    00000002     --HOLE-- [fill = 0]
                  00007f5c    00000002     app_pem4f.oem4f (.const:xdc_runtime_Memory_Module__id__C)
                  00007f5e    00000002     --HOLE-- [fill = 0]
                  00007f60    00000002     app_pem4f.oem4f (.const:xdc_runtime_SysMin_flushAtExit__C)
                  00007f62    00000002     --HOLE-- [fill = 0]
                  00007f64    00000002     app_pem4f.oem4f (.const:xdc_runtime_Text_charCnt__C)
                  00007f66    00000002     --HOLE-- [fill = 0]
                  00007f68    00000002     app_pem4f.oem4f (.const:xdc_runtime_Text_isLoaded__C)
                  00007f6a    00000002     --HOLE-- [fill = 0]
                  00007f6c    00000002     app_pem4f.oem4f (.const:xdc_runtime_Text_registryModsLastId__C)
                  00007f6e    00000002     --HOLE-- [fill = 0]
                  00007f70    00000002     app_pem4f.oem4f (.const:xdc_runtime_Text_unnamedModsLastId__C)
                  00007f72    00000002     --HOLE-- [fill = 0]
                  00007f74    00000001     app_pem4f.oem4f (.const:ti_sysbios_knl_Clock_tickMode__C)
                  00007f75    00000003     --HOLE-- [fill = 0]
                  00007f78    00000001     app_pem4f.oem4f (.const:ti_sysbios_knl_Clock_tickSource__C)
                  00007f79    00000003     --HOLE-- [fill = 0]
                  00007f7c    00000001     app_pem4f.oem4f (.const:xdc_runtime_Error_policy__C)

.cinit     0    00007f80    000003b8     
                  00007f80    00000380     (.cinit..data.load) [load image, compression = rle]
                  00008300    0000000c     (__TI_handler_table)
                  0000830c    00000004     --HOLE-- [fill = 0]
                  00008310    00000008     (.cinit..bss.load) [load image, compression = zero_init]
                  00008318    00000008     (.cinit..vecs.load) [load image, compression = zero_init]
                  00008320    00000018     (__TI_cinit_table)

.vecs      0    20000000    00000360     UNINITIALIZED
                  20000000    00000360     app_pem4f.oem4f (.vecs)

.stack     0    20000360    00002000     UNINITIALIZED
                  20000360    00002000     --HOLE--

.bss       0    20002360    00001d2c     UNINITIALIZED
                  20002360    00001000     app_pem4f.oem4f (.bss:ti_sysbios_heaps_HeapMem_Instance_State_0_buf__A)
                  20003360    00000800     app_pem4f.oem4f (.bss:taskStackSection)
                  20003b60    00000200     app_pem4f.oem4f (.bss:xdc_runtime_LoggerBuf_Instance_State_0_entryArr__A)
                  20003d60    00000200     app_pem4f.oem4f (.bss:xdc_runtime_SysMin_Module_State_0_outbuf__A)
                  20003f60    00000120     rtsv7M4_T_le_v4SPD16_eabi.lib : trgmsg.obj (.bss:__CIOBUF_)
                  20004080    00000008                                   : trgdrv.obj (.bss)
                  20004088    00000004     app_pem4f.oem4f (.bss)

.data      0    2000408c    00000814     
                  2000408c    00000360     app_pem4f.oem4f (.data:ti_sysbios_family_arm_m3_Hwi_Module_State_0_dispatchTable__A)
                  200043ec    00000170     app_pem4f.oem4f (.data)
                  2000455c    00000080     app_pem4f.oem4f (.data:ti_sysbios_knl_Swi_Module_State_0_readyQ__A)
                  200045dc    00000080     app_pem4f.oem4f (.data:ti_sysbios_knl_Task_Module_State_0_readyQ__A)
                  2000465c    00000060     app_pem4f.oem4f (.data:ti_sysbios_family_arm_lm3_Timer_Object__table__V)
                  200046bc    00000054     app_pem4f.oem4f (.data:ti_sysbios_family_arm_m3_Hwi_Module__state__V)
                  20004710    0000004c     app_pem4f.oem4f (.data:ti_sysbios_knl_Task_Object__table__V)
                  2000475c    00000048     app_pem4f.oem4f (.data:ti_sysbios_knl_Task_Module__state__V)
                  200047a4    00000038     app_pem4f.oem4f (.data:ti_sysbios_gates_GateMutex_Object__table__V)
                  200047dc    00000030     app_pem4f.oem4f (.data:ti_sysbios_family_arm_m3_Hwi_Object__table__V)
                  2000480c    00000030     app_pem4f.oem4f (.data:ti_sysbios_knl_Swi_Object__table__V)
                  2000483c    00000028     app_pem4f.oem4f (.data:ti_sysbios_knl_Clock_Module__state__V)
                  20004864    00000024     app_pem4f.oem4f (.data:xdc_runtime_LoggerBuf_Object__table__V)
                  20004888    00000008     rtsv7M4_T_le_v4SPD16_eabi.lib : _lock.obj (.data)
                  20004890    00000008                                   : exit.obj (.data)
                  20004898    00000004                                   : dtor_list.obj (.data)
                  2000489c    00000004                                   : stkdepth_vars.obj (.data)


LINKER GENERATED COPY TABLES

__TI_cinit_table @ 00008320 records: 3, size/record: 8, table size: 24
	.data: load addr=00007f80, load size=00000380 bytes, run addr=2000408c, run size=00000814 bytes, compression=rle
	.bss: load addr=00008310, load size=00000008 bytes, run addr=20002360, run size=00001d2c bytes, compression=zero_init
	.vecs: load addr=00008318, load size=00000008 bytes, run addr=20000000, run size=00000360 bytes, compression=zero_init


LINKER GENERATED HANDLER TABLE

__TI_handler_table @ 00008300 records: 3, size/record: 4, table size: 12
	index: 0, handler: __TI_zero_init
	index: 1, handler: __TI_decompress_rle24
	index: 2, handler: __TI_decompress_none


GLOBAL SYMBOLS: SORTED ALPHABETICALLY BY Name 

address    name
--------   ----
00005255   C$$EXIT
00004b5f   C$$IO$$
00005839   GPIODirModeSet
000039fd   GPIOPadConfigSet
000061e1   GPIOPinRead
00005f89   GPIOPinTypeGPIOInput
00005f9b   GPIOPinTypeGPIOOutput
000061eb   GPIOPinWrite
0000101f   HOSTclock
00000fe5   HOSTclose
00000fa7   HOSTgetenv
00000f4b   HOSTlseek
00000efb   HOSTopen
00000ead   HOSTread
00000e4d   HOSTrename
00000e11   HOSTtime
00000dd7   HOSTunlink
00000d89   HOSTwrite
00005ba1   LoggerBuf_instanceStartup
UNDEFED    SHT$$INIT_ARRAY$$Base
UNDEFED    SHT$$INIT_ARRAY$$Limit
0000623b   SysCtlDelay
00004d0d   SysCtlPeripheralEnable
20004710   TSK_idle
00000000   __ASM__
20003f60   __CIOBUF_
00000069   __ISA__
0000007c   __PLAT__
20002360   __STACK_END
00002000   __STACK_SIZE
20000460   __STACK_TOP
000000a2   __TARG__
00008320   __TI_CINIT_Base
00008338   __TI_CINIT_Limit
00008300   __TI_Handler_Table_Base
0000830c   __TI_Handler_Table_Limit
00000001   __TI_args_main
00004255   __TI_auto_init
00006119   __TI_decompress_none
00006247   __TI_decompress_rle24
00000000   __TI_static_base__
00005fad   __TI_zero_init
000000c8   __TRDR__
00003603   __aeabi_atexit
00004771   __aeabi_memclr
00004771   __aeabi_memclr4
00004771   __aeabi_memclr8
00004395   __aeabi_memcpy
00004395   __aeabi_memcpy4
00004395   __aeabi_memcpy8
00004773   __aeabi_memset
00004773   __aeabi_memset4
00004773   __aeabi_memset8
ffffffff   __binit__
ffffffff   __c_args__
000035f1   __cxa_atexit
000035ad   __cxa_finalize
000035eb   __cxa_ia64_exit
20000360   __stack
00006241   __xdc__init
20004558   __xdc__init__addr
00005e09   _args_main
00004cb5   _c_int00
20004890   _cleanup_ptr
20004894   _dtors_ptr
20004888   _lock
00005ea7   _nop
00005e9f   _register_lock
00005e99   _register_unlock
2000488c   _unlock
00005259   abort
000035f5   atexit
ffffffff   binit
000050bd   copy_in
00005261   exit
00005def   free
00002ee3   ledToggle
00002f0d   main
2000489c   main_func_sp
00005867   malloc
00004395   memcpy
00004779   memset
00004b63   readmsg
00006027   strcpy
00005ead   strlen
00002ec9   taskFxn
00002e7d   ti_catalog_arm_cortexm3_lm3init_Boot_configureLdo
00006151   ti_catalog_arm_cortexm3_lm3init_Boot_init
00002d8d   ti_catalog_arm_cortexm3_lm3init_Boot_sysCtlClockSet
00006235   ti_catalog_arm_cortexm3_lm3init_Boot_sysCtlDelay
00007cac   ti_sysbios_BIOS_Module__diagsEnabled__C
00007cb0   ti_sysbios_BIOS_Module__diagsIncluded__C
00007cb4   ti_sysbios_BIOS_Module__diagsMask__C
00007f04   ti_sysbios_BIOS_Module__id__C
200043ec   ti_sysbios_BIOS_Module__state__V
0000626b   ti_sysbios_BIOS_RtsGateProxy_enter__E
0000626f   ti_sysbios_BIOS_RtsGateProxy_leave__E
0000627f   ti_sysbios_BIOS_RtsGateProxy_query__E
00005101   ti_sysbios_BIOS_errorRaiseHook__I
00005689   ti_sysbios_BIOS_exitFunc__I
000056b9   ti_sysbios_BIOS_exit__E
00007cb8   ti_sysbios_BIOS_installedErrorHook__C
000059e5   ti_sysbios_BIOS_registerRTSLock__I
00006039   ti_sysbios_BIOS_setThreadType__E
00005a09   ti_sysbios_BIOS_startFunc__I
00006049   ti_sysbios_BIOS_start__E
40000400   ti_sysbios_family_arm_ducati_CTM_ctm
20004414   ti_sysbios_family_arm_lm3_Timer_Module_State_0_device__A
20004434   ti_sysbios_family_arm_lm3_Timer_Module_State_0_handles__A
2000440c   ti_sysbios_family_arm_lm3_Timer_Module__root__V
00005e21   ti_sysbios_family_arm_lm3_Timer_Module__startupDone__F
00005e21   ti_sysbios_family_arm_lm3_Timer_Module__startupDone__S
20004444   ti_sysbios_family_arm_lm3_Timer_Module__state__V
000045e1   ti_sysbios_family_arm_lm3_Timer_Module_startup__E
000045e1   ti_sysbios_family_arm_lm3_Timer_Module_startup__F
2000465c   ti_sysbios_family_arm_lm3_Timer_Object__table__V
00007cbc   ti_sysbios_family_arm_lm3_Timer_WRALLOW__C
0000377d   ti_sysbios_family_arm_lm3_Timer_enableTimers__I
000056e9   ti_sysbios_family_arm_lm3_Timer_getExpiredCounts__E
00006273   ti_sysbios_family_arm_lm3_Timer_getPeriod__E
00005a2d   ti_sysbios_family_arm_lm3_Timer_isrStub__E
00007cc0   ti_sysbios_family_arm_lm3_Timer_numTimerDevices__C
000044c3   ti_sysbios_family_arm_lm3_Timer_setNextTick__E
0000466d   ti_sysbios_family_arm_lm3_Timer_start__E
00007cc4   ti_sysbios_family_arm_lm3_Timer_startupNeeded__C
00003931   ti_sysbios_family_arm_lm3_Timer_startup__E
20004450   ti_sysbios_family_arm_lm3_TimestampProvider_Module__state__V
0000624d   ti_sysbios_family_arm_lm3_TimestampProvider_Module_startup__E
0000624d   ti_sysbios_family_arm_lm3_TimestampProvider_Module_startup__F
00003b85   ti_sysbios_family_arm_lm3_TimestampProvider_get64__E
00006059   ti_sysbios_family_arm_lm3_TimestampProvider_rolloverFunc__E
00006169   ti_sysbios_family_arm_lm3_TimestampProvider_startTimer__E
00007f08   ti_sysbios_family_arm_lm3_TimestampProvider_useClockTimer__C
00007cc8   ti_sysbios_family_arm_m3_Hwi_E_NMI__C
00007ccc   ti_sysbios_family_arm_m3_Hwi_E_busFault__C
00007cd0   ti_sysbios_family_arm_m3_Hwi_E_debugMon__C
00007cd4   ti_sysbios_family_arm_m3_Hwi_E_hardFault__C
00007cd8   ti_sysbios_family_arm_m3_Hwi_E_memFault__C
00007cdc   ti_sysbios_family_arm_m3_Hwi_E_noIsr__C
00007ce0   ti_sysbios_family_arm_m3_Hwi_E_reserved__C
00007ce4   ti_sysbios_family_arm_m3_Hwi_E_svCall__C
00007ce8   ti_sysbios_family_arm_m3_Hwi_E_usageFault__C
00005ced   ti_sysbios_family_arm_m3_Hwi_Handle__label__S
00007cec   ti_sysbios_family_arm_m3_Hwi_LD_end__C
00007cf0   ti_sysbios_family_arm_m3_Hwi_LM_begin__C
2000408c   ti_sysbios_family_arm_m3_Hwi_Module_State_0_dispatchTable__A
20004460   ti_sysbios_family_arm_m3_Hwi_Module_State_0_excActive__A
20004464   ti_sysbios_family_arm_m3_Hwi_Module_State_0_excContext__A
20004468   ti_sysbios_family_arm_m3_Hwi_Module_State_0_excStack__A
00007cf4   ti_sysbios_family_arm_m3_Hwi_Module__diagsEnabled__C
00007cf8   ti_sysbios_family_arm_m3_Hwi_Module__diagsIncluded__C
00007cfc   ti_sysbios_family_arm_m3_Hwi_Module__diagsMask__C
00007f0c   ti_sysbios_family_arm_m3_Hwi_Module__id__C
00007f10   ti_sysbios_family_arm_m3_Hwi_Module__loggerDefined__C
00007d00   ti_sysbios_family_arm_m3_Hwi_Module__loggerFxn1__C
00007d04   ti_sysbios_family_arm_m3_Hwi_Module__loggerFxn8__C
00007d08   ti_sysbios_family_arm_m3_Hwi_Module__loggerObj__C
20004458   ti_sysbios_family_arm_m3_Hwi_Module__root__V
00005e39   ti_sysbios_family_arm_m3_Hwi_Module__startupDone__F
00005e39   ti_sysbios_family_arm_m3_Hwi_Module__startupDone__S
200046bc   ti_sysbios_family_arm_m3_Hwi_Module__state__V
000041b1   ti_sysbios_family_arm_m3_Hwi_Module_startup__E
000041b1   ti_sysbios_family_arm_m3_Hwi_Module_startup__F
00007d0c   ti_sysbios_family_arm_m3_Hwi_NUM_INTERRUPTS__C
200047dc   ti_sysbios_family_arm_m3_Hwi_Object__table__V
00007d10   ti_sysbios_family_arm_m3_Hwi_ccr__C
00005145   ti_sysbios_family_arm_m3_Hwi_disableInterrupt__E
00007d14   ti_sysbios_family_arm_m3_Hwi_disablePriority__C
000028e5   ti_sysbios_family_arm_m3_Hwi_dispatchC__I
00007d18   ti_sysbios_family_arm_m3_Hwi_dispatchTable__C
0000267d   ti_sysbios_family_arm_m3_Hwi_dispatch__I
0000621d   ti_sysbios_family_arm_m3_Hwi_doSwiRestore__I
00005a51   ti_sysbios_family_arm_m3_Hwi_doTaskRestore__I
00005189   ti_sysbios_family_arm_m3_Hwi_enableInterrupt__E
00001c21   ti_sysbios_family_arm_m3_Hwi_excBusFault__I
00004061   ti_sysbios_family_arm_m3_Hwi_excDebugMon__I
00000361   ti_sysbios_family_arm_m3_Hwi_excDumpRegs__I
00002791   ti_sysbios_family_arm_m3_Hwi_excHandlerAsm__I
00007d1c   ti_sysbios_family_arm_m3_Hwi_excHandlerFunc__C
000014e5   ti_sysbios_family_arm_m3_Hwi_excHandlerMax__I
00006069   ti_sysbios_family_arm_m3_Hwi_excHandler__I
00003da5   ti_sysbios_family_arm_m3_Hwi_excHardFault__I
00007c64   ti_sysbios_family_arm_m3_Hwi_excHookFuncs__A
00007d20   ti_sysbios_family_arm_m3_Hwi_excHookFuncs__C
000027b1   ti_sysbios_family_arm_m3_Hwi_excMemFault__I
0000551d   ti_sysbios_family_arm_m3_Hwi_excNmi__I
00005405   ti_sysbios_family_arm_m3_Hwi_excNoIsr__I
00004f9d   ti_sysbios_family_arm_m3_Hwi_excReserved__I
00005315   ti_sysbios_family_arm_m3_Hwi_excSvCall__I
00002185   ti_sysbios_family_arm_m3_Hwi_excUsageFault__I
00003699   ti_sysbios_family_arm_m3_Hwi_initNVIC__E
00005945   ti_sysbios_family_arm_m3_Hwi_initStacks__E
e000e000   ti_sysbios_family_arm_m3_Hwi_nvic
00002753   ti_sysbios_family_arm_m3_Hwi_pendSV__I
00007d24   ti_sysbios_family_arm_m3_Hwi_priGroup__C
00007714   ti_sysbios_family_arm_m3_Hwi_priorities__A
00007d28   ti_sysbios_family_arm_m3_Hwi_priorities__C
20000000   ti_sysbios_family_arm_m3_Hwi_ramVectors
00000000   ti_sysbios_family_arm_m3_Hwi_resetVectors
00002777   ti_sysbios_family_arm_m3_Hwi_return
00006225   ti_sysbios_family_arm_m3_Hwi_startup__E
00005ec1   ti_sysbios_family_arm_m3_Hwi_switchFromBootStack__E
00006277   ti_sysbios_family_arm_m3_TaskSupport_Module__startupDone__S
00004555   ti_sysbios_family_arm_m3_TaskSupport_buildTaskStack
00006127   ti_sysbios_family_arm_m3_TaskSupport_checkStack__E
00006175   ti_sysbios_family_arm_m3_TaskSupport_getStackAlignment__E
00006007   ti_sysbios_family_arm_m3_TaskSupport_glue
00007d2c   ti_sysbios_family_arm_m3_TaskSupport_stackAlignment__C
00005351   ti_sysbios_family_arm_m3_TaskSupport_start__E
00005dd7   ti_sysbios_family_arm_m3_TaskSupport_swap__E
00006017   ti_sysbios_family_xxx_Hwi_switchToIsrStack
0000615d   ti_sysbios_family_xxx_Hwi_switchToTaskStack
00005d07   ti_sysbios_gates_GateHwi_Handle__label__S
00004a6b   ti_sysbios_gates_GateHwi_Instance_init__F
000079f0   ti_sysbios_gates_GateHwi_Module__FXNS__C
2000446c   ti_sysbios_gates_GateHwi_Module__root__V
00007ac8   ti_sysbios_gates_GateHwi_Object__DESC__C
00007bc8   ti_sysbios_gates_GateHwi_Object__PARAMS__C
00005551   ti_sysbios_gates_GateHwi_Object__create__S
00005ae1   ti_sysbios_gates_GateHwi_Object__delete__S
20004474   ti_sysbios_gates_GateHwi_Object__table__V
00005ed5   ti_sysbios_gates_GateHwi_enter__E
00006253   ti_sysbios_gates_GateHwi_leave__E
0000627b   ti_sysbios_gates_GateHwi_query__E
0000627b   ti_sysbios_gates_GateHwi_query__F
00007d30   ti_sysbios_gates_GateMutex_A_badContext__C
00005d21   ti_sysbios_gates_GateMutex_Handle__label__S
00007d34   ti_sysbios_gates_GateMutex_Instance_State_sem__O
00006079   ti_sysbios_gates_GateMutex_Instance_finalize__F
0000596d   ti_sysbios_gates_GateMutex_Instance_init__F
00007a14   ti_sysbios_gates_GateMutex_Module__FXNS__C
00007d38   ti_sysbios_gates_GateMutex_Module__diagsEnabled__C
00007d3c   ti_sysbios_gates_GateMutex_Module__diagsIncluded__C
00007d40   ti_sysbios_gates_GateMutex_Module__diagsMask__C
00007f14   ti_sysbios_gates_GateMutex_Module__id__C
20004478   ti_sysbios_gates_GateMutex_Module__root__V
00007ae8   ti_sysbios_gates_GateMutex_Object__DESC__C
00007be0   ti_sysbios_gates_GateMutex_Object__PARAMS__C
00005585   ti_sysbios_gates_GateMutex_Object__create__S
00005a75   ti_sysbios_gates_GateMutex_Object__delete__S
200047a4   ti_sysbios_gates_GateMutex_Object__table__V
00003c3d   ti_sysbios_gates_GateMutex_enter__E
00005e51   ti_sysbios_gates_GateMutex_leave__E
0000627f   ti_sysbios_gates_GateMutex_query__E
0000627f   ti_sysbios_gates_GateMutex_query__F
00007d44   ti_sysbios_hal_Hwi_E_stackOverflow__C
00006283   ti_sysbios_hal_Hwi_HwiProxy_Module__startupDone__S
00005145   ti_sysbios_hal_Hwi_HwiProxy_disableInterrupt__E
00005189   ti_sysbios_hal_Hwi_HwiProxy_enableInterrupt__E
00006225   ti_sysbios_hal_Hwi_HwiProxy_startup__E
00005ec1   ti_sysbios_hal_Hwi_HwiProxy_switchFromBootStack__E
00007f18   ti_sysbios_hal_Hwi_Module__id__C
20004480   ti_sysbios_hal_Hwi_Module__root__V
00005fbf   ti_sysbios_hal_Hwi_Module_startup__E
00005fbf   ti_sysbios_hal_Hwi_Module_startup__F
00005719   ti_sysbios_hal_Hwi_checkStack
00005145   ti_sysbios_hal_Hwi_disableInterrupt__E
00005189   ti_sysbios_hal_Hwi_enableInterrupt__E
00005895   ti_sysbios_hal_Hwi_initStack
00006225   ti_sysbios_hal_Hwi_startup__E
20004488   ti_sysbios_hal_Timer_Module__root__V
00005e69   ti_sysbios_hal_Timer_Module__startupDone__F
00005e69   ti_sysbios_hal_Timer_Module__startupDone__S
00005fd1   ti_sysbios_hal_Timer_Module_startup__E
00005fd1   ti_sysbios_hal_Timer_Module_startup__F
20004490   ti_sysbios_hal_Timer_Object__table__V
00006287   ti_sysbios_hal_Timer_TimerProxy_Module__startupDone__S
0000628b   ti_sysbios_hal_Timer_TimerProxy_getExpiredCounts__E
0000628f   ti_sysbios_hal_Timer_TimerProxy_getPeriod__E
00006293   ti_sysbios_hal_Timer_TimerProxy_setNextTick__E
00003931   ti_sysbios_hal_Timer_TimerProxy_startup__E
00003931   ti_sysbios_hal_Timer_startup__E
00007d48   ti_sysbios_heaps_HeapMem_A_align__C
00007d4c   ti_sysbios_heaps_HeapMem_A_heapSize__C
00007d50   ti_sysbios_heaps_HeapMem_A_invalidFree__C
00007d54   ti_sysbios_heaps_HeapMem_A_zeroBlock__C
00007d58   ti_sysbios_heaps_HeapMem_E_memory__C
00005d3b   ti_sysbios_heaps_HeapMem_Handle__label__S
20002360   ti_sysbios_heaps_HeapMem_Instance_State_0_buf__A
000022cd   ti_sysbios_heaps_HeapMem_Instance_init__F
00006297   ti_sysbios_heaps_HeapMem_Module_GateProxy_enter__E
0000629b   ti_sysbios_heaps_HeapMem_Module_GateProxy_leave__E
0000627f   ti_sysbios_heaps_HeapMem_Module_GateProxy_query__E
000079c8   ti_sysbios_heaps_HeapMem_Module__FXNS__C
00007d5c   ti_sysbios_heaps_HeapMem_Module__diagsEnabled__C
00007d60   ti_sysbios_heaps_HeapMem_Module__diagsIncluded__C
00007d64   ti_sysbios_heaps_HeapMem_Module__diagsMask__C
00007d68   ti_sysbios_heaps_HeapMem_Module__gateObj__C
00007f1c   ti_sysbios_heaps_HeapMem_Module__id__C
20004498   ti_sysbios_heaps_HeapMem_Module__root__V
00007b08   ti_sysbios_heaps_HeapMem_Object__DESC__C
00007a38   ti_sysbios_heaps_HeapMem_Object__PARAMS__C
00007d6c   ti_sysbios_heaps_HeapMem_Object__count__C
000055b9   ti_sysbios_heaps_HeapMem_Object__create__S
00005b01   ti_sysbios_heaps_HeapMem_Object__delete__S
00005ee9   ti_sysbios_heaps_HeapMem_Object__get__S
200044a0   ti_sysbios_heaps_HeapMem_Object__table__V
000012b1   ti_sysbios_heaps_HeapMem_alloc__E
0000106d   ti_sysbios_heaps_HeapMem_free__E
00004fe5   ti_sysbios_heaps_HeapMem_getStats__E
0000538d   ti_sysbios_heaps_HeapMem_init__I
00006259   ti_sysbios_heaps_HeapMem_isBlocking__E
00007d70   ti_sysbios_heaps_HeapMem_reqAlign__C
00007d74   ti_sysbios_knl_Clock_A_badThreadType__C
00003fb5   ti_sysbios_knl_Clock_Instance_finalize__F
00002c69   ti_sysbios_knl_Clock_Instance_init__F
00007d78   ti_sysbios_knl_Clock_LM_begin__C
00007d7c   ti_sysbios_knl_Clock_LM_tick__C
00007d80   ti_sysbios_knl_Clock_LW_delayed__C
00007d84   ti_sysbios_knl_Clock_Module_State_clockQ__O
00007d88   ti_sysbios_knl_Clock_Module__diagsEnabled__C
00007d8c   ti_sysbios_knl_Clock_Module__diagsIncluded__C
00007d90   ti_sysbios_knl_Clock_Module__diagsMask__C
00007f20   ti_sysbios_knl_Clock_Module__id__C
00007f24   ti_sysbios_knl_Clock_Module__loggerDefined__C
00007d94   ti_sysbios_knl_Clock_Module__loggerFxn1__C
00007d98   ti_sysbios_knl_Clock_Module__loggerFxn2__C
00007d9c   ti_sysbios_knl_Clock_Module__loggerObj__C
200044b8   ti_sysbios_knl_Clock_Module__root__V
2000483c   ti_sysbios_knl_Clock_Module__state__V
00005749   ti_sysbios_knl_Clock_Module_startup__E
00005749   ti_sysbios_knl_Clock_Module_startup__F
00007b28   ti_sysbios_knl_Clock_Object__DESC__C
00007a5c   ti_sysbios_knl_Clock_Object__PARAMS__C
000053c9   ti_sysbios_knl_Clock_Object__create__S
00005b21   ti_sysbios_knl_Clock_Object__destruct__S
00006181   ti_sysbios_knl_Clock_Params__init__S
000058c1   ti_sysbios_knl_Clock_doTick__I
00004f05   ti_sysbios_knl_Clock_getTicks__E
00004b95   ti_sysbios_knl_Clock_logTick__E
00004ad1   ti_sysbios_knl_Clock_startI__E
00004859   ti_sysbios_knl_Clock_start__E
00007f74   ti_sysbios_knl_Clock_tickMode__C
00007f78   ti_sysbios_knl_Clock_tickSource__C
00002a11   ti_sysbios_knl_Clock_workFunc__E
00007c6c   ti_sysbios_knl_Idle_coreList__A
00007c74   ti_sysbios_knl_Idle_coreList__C
00007c7c   ti_sysbios_knl_Idle_funcList__A
00007c84   ti_sysbios_knl_Idle_funcList__C
0000622d   ti_sysbios_knl_Idle_loop__E
00005779   ti_sysbios_knl_Idle_run__E
0000625f   ti_sysbios_knl_Queue_Instance_init__F
200044c0   ti_sysbios_knl_Queue_Module__root__V
00007b48   ti_sysbios_knl_Queue_Object__DESC__C
00007bf8   ti_sysbios_knl_Queue_Object__PARAMS__C
000055ed   ti_sysbios_knl_Queue_Object__create__S
00005c7d   ti_sysbios_knl_Queue_Object__destruct__S
0000618d   ti_sysbios_knl_Queue_Object__get__S
00006135   ti_sysbios_knl_Queue_empty__E
00007da0   ti_sysbios_knl_Semaphore_A_badContext__C
00007da4   ti_sysbios_knl_Semaphore_A_noEvents__C
[...]
00005fbf   ti_sysbios_hal_Hwi_Module_startup__F
00005fd1   ti_sysbios_hal_Timer_Module_startup__E
00005fd1   ti_sysbios_hal_Timer_Module_startup__F
00005fe3   xdc_runtime_LoggerBuf_write1__E
00005fe3   xdc_runtime_LoggerBuf_write1__F
00005ff5   xdc_runtime_Startup_exec__I
00006007   ti_sysbios_family_arm_m3_TaskSupport_glue
00006017   ti_sysbios_family_xxx_Hwi_switchToIsrStack
00006027   strcpy
00006039   ti_sysbios_BIOS_setThreadType__E
00006049   ti_sysbios_BIOS_start__E
00006059   ti_sysbios_family_arm_lm3_TimestampProvider_rolloverFunc__E
00006069   ti_sysbios_family_arm_m3_Hwi_excHandler__I
00006079   ti_sysbios_gates_GateMutex_Instance_finalize__F
00006089   ti_sysbios_knl_Semaphore_Instance_finalize__F
00006099   ti_sysbios_knl_Swi_disable__E
000060a9   ti_sysbios_knl_Task_Object__get__S
000060b9   ti_sysbios_knl_Task_disable__E
000060c9   xdc_runtime_Gate_leaveSystem__E
000060c9   xdc_runtime_Gate_leaveSystem__F
000060d9   xdc_runtime_LoggerBuf_write0__E
000060d9   xdc_runtime_LoggerBuf_write0__F
000060e9   xdc_runtime_Memory_free__E
000060e9   xdc_runtime_Memory_free__F
000060f9   xdc_runtime_SysMin_ready__E
000060f9   xdc_runtime_SysMin_ready__F
000060f9   xdc_runtime_System_SupportProxy_ready__E
00006109   xdc_runtime_Text_visitRope__I
00006119   __TI_decompress_none
00006127   ti_sysbios_family_arm_m3_TaskSupport_checkStack__E
00006127   ti_sysbios_knl_Task_SupportProxy_checkStack__E
00006135   ti_sysbios_knl_Queue_empty__E
00006143   xdc_runtime_System_vsprintf__F
00006151   ti_catalog_arm_cortexm3_lm3init_Boot_init
0000615d   ti_sysbios_family_xxx_Hwi_switchToTaskStack
00006169   ti_sysbios_family_arm_lm3_TimestampProvider_startTimer__E
00006175   ti_sysbios_family_arm_m3_TaskSupport_getStackAlignment__E
00006175   ti_sysbios_knl_Task_SupportProxy_getStackAlignment__E
00006181   ti_sysbios_knl_Clock_Params__init__S
0000618d   ti_sysbios_knl_Queue_Object__get__S
00006199   xdc_runtime_Error_init__E
00006199   xdc_runtime_Error_init__F
000061a5   xdc_runtime_Gate_enterSystem__E
000061a5   xdc_runtime_Gate_enterSystem__F
000061b1   xdc_runtime_Memory_calloc__E
000061b1   xdc_runtime_Memory_calloc__F
000061bd   xdc_runtime_Memory_getMaxDefaultTypeAlign__E
000061bd   xdc_runtime_Memory_getMaxDefaultTypeAlign__F
000061c9   xdc_runtime_System_exit__E
000061c9   xdc_runtime_System_exit__F
000061d5   xdc_runtime_System_lastFxn__I
000061e1   GPIOPinRead
000061eb   GPIOPinWrite
00006209   xdc_runtime_LoggerBuf_disable__E
00006209   xdc_runtime_LoggerBuf_disable__F
00006213   xdc_runtime_LoggerBuf_enable__E
00006213   xdc_runtime_LoggerBuf_enable__F
0000621d   ti_sysbios_family_arm_m3_Hwi_doSwiRestore__I
00006225   ti_sysbios_family_arm_m3_Hwi_startup__E
00006225   ti_sysbios_hal_Hwi_HwiProxy_startup__E
00006225   ti_sysbios_hal_Hwi_startup__E
0000622d   ti_sysbios_knl_Idle_loop__E
00006235   ti_catalog_arm_cortexm3_lm3init_Boot_sysCtlDelay
0000623b   SysCtlDelay
00006241   __xdc__init
00006247   __TI_decompress_rle24
0000624d   ti_sysbios_family_arm_lm3_TimestampProvider_Module_startup__E
0000624d   ti_sysbios_family_arm_lm3_TimestampProvider_Module_startup__F
00006253   ti_sysbios_gates_GateHwi_leave__E
00006259   ti_sysbios_heaps_HeapMem_isBlocking__E
0000625f   ti_sysbios_knl_Queue_Instance_init__F
00006265   xdc_runtime_System_Module_startup__E
00006265   xdc_runtime_System_Module_startup__F
0000626b   ti_sysbios_BIOS_RtsGateProxy_enter__E
0000626f   ti_sysbios_BIOS_RtsGateProxy_leave__E
00006273   ti_sysbios_family_arm_lm3_Timer_getPeriod__E
00006277   ti_sysbios_family_arm_m3_TaskSupport_Module__startupDone__S
0000627b   ti_sysbios_gates_GateHwi_query__E
0000627b   ti_sysbios_gates_GateHwi_query__F
0000627b   xdc_runtime_LoggerBuf_Module_GateProxy_query__E
0000627b   xdc_runtime_Main_Module_GateProxy_query__E
0000627b   xdc_runtime_System_Module_GateProxy_query__E
0000627f   ti_sysbios_BIOS_RtsGateProxy_query__E
0000627f   ti_sysbios_gates_GateMutex_query__E
0000627f   ti_sysbios_gates_GateMutex_query__F
0000627f   ti_sysbios_heaps_HeapMem_Module_GateProxy_query__E
00006283   ti_sysbios_hal_Hwi_HwiProxy_Module__startupDone__S
00006287   ti_sysbios_hal_Timer_TimerProxy_Module__startupDone__S
0000628b   ti_sysbios_hal_Timer_TimerProxy_getExpiredCounts__E
0000628f   ti_sysbios_hal_Timer_TimerProxy_getPeriod__E
00006293   ti_sysbios_hal_Timer_TimerProxy_setNextTick__E
00006297   ti_sysbios_heaps_HeapMem_Module_GateProxy_enter__E
0000629b   ti_sysbios_heaps_HeapMem_Module_GateProxy_leave__E
0000629f   ti_sysbios_knl_Task_SupportProxy_Module__startupDone__S
000062a3   ti_sysbios_knl_Task_startup__E
000062a7   xdc_runtime_Error_getSite__E
000062a7   xdc_runtime_Error_getSite__F
000062ab   xdc_runtime_LoggerBuf_Module_GateProxy_enter__E
000062af   xdc_runtime_LoggerBuf_Module_GateProxy_leave__E
000062b3   xdc_runtime_Memory_HeapProxy_alloc__E
000062b7   xdc_runtime_Memory_HeapProxy_free__E
000062bb   xdc_runtime_Startup_reset__I
000062bf   xdc_runtime_System_Module_GateProxy_enter__E
000062c3   xdc_runtime_System_Module_GateProxy_leave__E
000062c7   xdc_runtime_System_aprintf_va__F
000062cb   xdc_runtime_System_printf_va__F
000062cf   xdc_runtime_System_vsprintf__E
000062d4   xdc_runtime_Text_charTab__A
00007714   ti_sysbios_family_arm_m3_Hwi_priorities__A
000077ec   xdc_runtime_Text_nodeTab__A
00007924   ti_sysbios_knl_Task_Object__PARAMS__C
00007960   xdc_runtime_LoggerBuf_Module__FXNS__C
0000799c   xdc_runtime_Startup_sfxnTab__A
000079c8   ti_sysbios_heaps_HeapMem_Module__FXNS__C
000079f0   ti_sysbios_gates_GateHwi_Module__FXNS__C
00007a14   ti_sysbios_gates_GateMutex_Module__FXNS__C
00007a38   ti_sysbios_heaps_HeapMem_Object__PARAMS__C
00007a5c   ti_sysbios_knl_Clock_Object__PARAMS__C
00007a80   ti_sysbios_knl_Semaphore_Object__PARAMS__C
00007aa4   xdc_runtime_LoggerBuf_Object__PARAMS__C
00007ac8   ti_sysbios_gates_GateHwi_Object__DESC__C
00007ae8   ti_sysbios_gates_GateMutex_Object__DESC__C
00007b08   ti_sysbios_heaps_HeapMem_Object__DESC__C
00007b28   ti_sysbios_knl_Clock_Object__DESC__C
00007b48   ti_sysbios_knl_Queue_Object__DESC__C
00007b68   ti_sysbios_knl_Semaphore_Object__DESC__C
00007b88   ti_sysbios_knl_Task_Object__DESC__C
00007ba8   xdc_runtime_LoggerBuf_Object__DESC__C
00007bc8   ti_sysbios_gates_GateHwi_Object__PARAMS__C
00007be0   ti_sysbios_gates_GateMutex_Object__PARAMS__C
00007bf8   ti_sysbios_knl_Queue_Object__PARAMS__C
00007c10   ti_sysbios_knl_Task_hooks__A
00007c28   xdc_runtime_Startup_sfxnRts__A
00007c54   xdc_runtime_Startup_firstFxns__A
00007c64   ti_sysbios_family_arm_m3_Hwi_excHookFuncs__A
00007c6c   ti_sysbios_knl_Idle_coreList__A
00007c74   ti_sysbios_knl_Idle_coreList__C
00007c7c   ti_sysbios_knl_Idle_funcList__A
00007c84   ti_sysbios_knl_Idle_funcList__C
00007c8c   ti_sysbios_knl_Task_hooks__C
00007c94   xdc_runtime_Startup_firstFxns__C
00007c9c   xdc_runtime_Startup_lastFxns__A
00007ca4   xdc_runtime_Startup_lastFxns__C
00007cac   ti_sysbios_BIOS_Module__diagsEnabled__C
00007cb0   ti_sysbios_BIOS_Module__diagsIncluded__C
00007cb4   ti_sysbios_BIOS_Module__diagsMask__C
00007cb8   ti_sysbios_BIOS_installedErrorHook__C
00007cbc   ti_sysbios_family_arm_lm3_Timer_WRALLOW__C
00007cc0   ti_sysbios_family_arm_lm3_Timer_numTimerDevices__C
00007cc4   ti_sysbios_family_arm_lm3_Timer_startupNeeded__C
00007cc8   ti_sysbios_family_arm_m3_Hwi_E_NMI__C
00007ccc   ti_sysbios_family_arm_m3_Hwi_E_busFault__C
00007cd0   ti_sysbios_family_arm_m3_Hwi_E_debugMon__C
00007cd4   ti_sysbios_family_arm_m3_Hwi_E_hardFault__C
00007cd8   ti_sysbios_family_arm_m3_Hwi_E_memFault__C
00007cdc   ti_sysbios_family_arm_m3_Hwi_E_noIsr__C
00007ce0   ti_sysbios_family_arm_m3_Hwi_E_reserved__C
00007ce4   ti_sysbios_family_arm_m3_Hwi_E_svCall__C
00007ce8   ti_sysbios_family_arm_m3_Hwi_E_usageFault__C
00007cec   ti_sysbios_family_arm_m3_Hwi_LD_end__C
00007cf0   ti_sysbios_family_arm_m3_Hwi_LM_begin__C
00007cf4   ti_sysbios_family_arm_m3_Hwi_Module__diagsEnabled__C
00007cf8   ti_sysbios_family_arm_m3_Hwi_Module__diagsIncluded__C
00007cfc   ti_sysbios_family_arm_m3_Hwi_Module__diagsMask__C
00007d00   ti_sysbios_family_arm_m3_Hwi_Module__loggerFxn1__C
00007d04   ti_sysbios_family_arm_m3_Hwi_Module__loggerFxn8__C
00007d08   ti_sysbios_family_arm_m3_Hwi_Module__loggerObj__C
00007d0c   ti_sysbios_family_arm_m3_Hwi_NUM_INTERRUPTS__C
00007d10   ti_sysbios_family_arm_m3_Hwi_ccr__C
00007d14   ti_sysbios_family_arm_m3_Hwi_disablePriority__C
00007d18   ti_sysbios_family_arm_m3_Hwi_dispatchTable__C
00007d1c   ti_sysbios_family_arm_m3_Hwi_excHandlerFunc__C
00007d20   ti_sysbios_family_arm_m3_Hwi_excHookFuncs__C
00007d24   ti_sysbios_family_arm_m3_Hwi_priGroup__C
00007d28   ti_sysbios_family_arm_m3_Hwi_priorities__C
00007d2c   ti_sysbios_family_arm_m3_TaskSupport_stackAlignment__C
00007d30   ti_sysbios_gates_GateMutex_A_badContext__C
00007d34   ti_sysbios_gates_GateMutex_Instance_State_sem__O
00007d38   ti_sysbios_gates_GateMutex_Module__diagsEnabled__C
00007d3c   ti_sysbios_gates_GateMutex_Module__diagsIncluded__C
00007d40   ti_sysbios_gates_GateMutex_Module__diagsMask__C
00007d44   ti_sysbios_hal_Hwi_E_stackOverflow__C
00007d48   ti_sysbios_heaps_HeapMem_A_align__C
00007d4c   ti_sysbios_heaps_HeapMem_A_heapSize__C
00007d50   ti_sysbios_heaps_HeapMem_A_invalidFree__C
00007d54   ti_sysbios_heaps_HeapMem_A_zeroBlock__C
00007d58   ti_sysbios_heaps_HeapMem_E_memory__C
00007d5c   ti_sysbios_heaps_HeapMem_Module__diagsEnabled__C
00007d60   ti_sysbios_heaps_HeapMem_Module__diagsIncluded__C
00007d64   ti_sysbios_heaps_HeapMem_Module__diagsMask__C
00007d68   ti_sysbios_heaps_HeapMem_Module__gateObj__C
00007d6c   ti_sysbios_heaps_HeapMem_Object__count__C
00007d70   ti_sysbios_heaps_HeapMem_reqAlign__C
00007d74   ti_sysbios_knl_Clock_A_badThreadType__C
00007d78   ti_sysbios_knl_Clock_LM_begin__C
00007d7c   ti_sysbios_knl_Clock_LM_tick__C
00007d80   ti_sysbios_knl_Clock_LW_delayed__C
00007d84   ti_sysbios_knl_Clock_Module_State_clockQ__O
00007d88   ti_sysbios_knl_Clock_Module__diagsEnabled__C
00007d8c   ti_sysbios_knl_Clock_Module__diagsIncluded__C
00007d90   ti_sysbios_knl_Clock_Module__diagsMask__C
00007d94   ti_sysbios_knl_Clock_Module__loggerFxn1__C
00007d98   ti_sysbios_knl_Clock_Module__loggerFxn2__C
00007d9c   ti_sysbios_knl_Clock_Module__loggerObj__C
00007da0   ti_sysbios_knl_Semaphore_A_badContext__C
00007da4   ti_sysbios_knl_Semaphore_A_noEvents__C
00007da8   ti_sysbios_knl_Semaphore_A_overflow__C
00007dac   ti_sysbios_knl_Semaphore_Instance_State_pendQ__O
00007db0   ti_sysbios_knl_Semaphore_LM_pend__C
00007db4   ti_sysbios_knl_Semaphore_LM_post__C
00007db8   ti_sysbios_knl_Semaphore_Module__diagsEnabled__C
00007dbc   ti_sysbios_knl_Semaphore_Module__diagsIncluded__C
00007dc0   ti_sysbios_knl_Semaphore_Module__diagsMask__C
00007dc4   ti_sysbios_knl_Semaphore_Module__loggerFxn2__C
00007dc8   ti_sysbios_knl_Semaphore_Module__loggerFxn4__C
00007dcc   ti_sysbios_knl_Semaphore_Module__loggerObj__C
00007dd0   ti_sysbios_knl_Swi_LD_end__C
00007dd4   ti_sysbios_knl_Swi_LM_begin__C
00007dd8   ti_sysbios_knl_Swi_LM_post__C
00007ddc   ti_sysbios_knl_Swi_Module__diagsEnabled__C
00007de0   ti_sysbios_knl_Swi_Module__diagsIncluded__C
00007de4   ti_sysbios_knl_Swi_Module__diagsMask__C
00007de8   ti_sysbios_knl_Swi_Module__loggerFxn1__C
00007dec   ti_sysbios_knl_Swi_Module__loggerFxn4__C
00007df0   ti_sysbios_knl_Swi_Module__loggerObj__C
00007df4   ti_sysbios_knl_Swi_Object__count__C
00007df8   ti_sysbios_knl_Task_A_badPriority__C
00007dfc   ti_sysbios_knl_Task_A_badTaskState__C
00007e00   ti_sysbios_knl_Task_A_badThreadType__C
00007e04   ti_sysbios_knl_Task_A_badTimeout__C
00007e08   ti_sysbios_knl_Task_A_noPendElem__C
00007e0c   ti_sysbios_knl_Task_E_deleteNotAllowed__C
00007e10   ti_sysbios_knl_Task_E_spOutOfBounds__C
00007e14   ti_sysbios_knl_Task_E_stackOverflow__C
00007e18   ti_sysbios_knl_Task_LD_block__C
00007e1c   ti_sysbios_knl_Task_LD_exit__C
00007e20   ti_sysbios_knl_Task_LD_ready__C
00007e24   ti_sysbios_knl_Task_LM_sleep__C
00007e28   ti_sysbios_knl_Task_LM_switch__C
00007e2c   ti_sysbios_knl_Task_Module_State_inactiveQ__O
00007e30   ti_sysbios_knl_Task_Module_State_terminatedQ__O
00007e34   ti_sysbios_knl_Task_Module__diagsEnabled__C
00007e38   ti_sysbios_knl_Task_Module__diagsIncluded__C
00007e3c   ti_sysbios_knl_Task_Module__diagsMask__C
00007e40   ti_sysbios_knl_Task_Module__loggerFxn2__C
00007e44   ti_sysbios_knl_Task_Module__loggerFxn4__C
00007e48   ti_sysbios_knl_Task_Module__loggerObj__C
00007e4c   ti_sysbios_knl_Task_Object__count__C
00007e50   ti_sysbios_knl_Task_Object__heap__C
00007e54   ti_sysbios_knl_Task_allBlockedFunc__C
00007e58   ti_sysbios_knl_Task_defaultStackHeap__C
00007e5c   ti_sysbios_knl_Task_defaultStackSize__C
00007e60   ti_sysbios_knl_Task_numConstructedTasks__C
00007e64   ti_sysbios_knl_Task_numPriorities__C
00007e68   xdc_runtime_Assert_E_assertFailed__C
00007e6c   xdc_runtime_Core_A_initializedParams__C
00007e70   xdc_runtime_Core_Module__diagsEnabled__C
00007e74   xdc_runtime_Core_Module__diagsIncluded__C
00007e78   xdc_runtime_Core_Module__diagsMask__C
00007e7c   xdc_runtime_Error_E_generic__C
00007e80   xdc_runtime_Error_E_memory__C
00007e84   xdc_runtime_Error_Module__diagsEnabled__C
00007e88   xdc_runtime_Error_Module__diagsIncluded__C
00007e8c   xdc_runtime_Error_Module__diagsMask__C
00007e90   xdc_runtime_Error_Module__loggerFxn8__C
00007e94   xdc_runtime_Error_Module__loggerObj__C
00007e98   xdc_runtime_Error_raiseHook__C
00007e9c   xdc_runtime_IFilterLogger_Interface__BASE__C
00007ea0   xdc_runtime_IGateProvider_Interface__BASE__C
00007ea4   xdc_runtime_IHeap_Interface__BASE__C
00007ea8   xdc_runtime_ILogger_Interface__BASE__C
00007eac   xdc_runtime_IModule_Interface__BASE__C
00007eb0   xdc_runtime_Log_L_error__C
00007eb4   xdc_runtime_LoggerBuf_E_badLevel__C
00007eb8   xdc_runtime_LoggerBuf_Module__gateObj__C
00007ebc   xdc_runtime_LoggerBuf_Object__count__C
00007ec0   xdc_runtime_LoggerBuf_statusLogger__C
00007ec4   xdc_runtime_Memory_defaultHeapInstance__C
00007ec8   xdc_runtime_Startup_execImpl__C
00007ecc   xdc_runtime_Startup_maxPasses__C
00007ed0   xdc_runtime_Startup_sfxnRts__C
00007ed4   xdc_runtime_Startup_sfxnTab__C
00007ed8   xdc_runtime_SysMin_bufSize__C
00007edc   xdc_runtime_SysMin_outputFunc__C
00007ee0   xdc_runtime_System_Module__gateObj__C
00007ee4   xdc_runtime_System_extendFxn__C
00007ee8   xdc_runtime_System_maxAtexitHandlers__C
00007eec   xdc_runtime_Text_charTab__C
00007ef0   xdc_runtime_Text_nameEmpty__C
00007ef4   xdc_runtime_Text_nameStatic__C
00007ef8   xdc_runtime_Text_nameUnknown__C
00007efc   xdc_runtime_Text_nodeTab__C
00007f00   xdc_runtime_Text_visitRopeFxn__C
00007f04   ti_sysbios_BIOS_Module__id__C
00007f08   ti_sysbios_family_arm_lm3_TimestampProvider_useClockTimer__C
00007f0c   ti_sysbios_family_arm_m3_Hwi_Module__id__C
00007f10   ti_sysbios_family_arm_m3_Hwi_Module__loggerDefined__C
00007f14   ti_sysbios_gates_GateMutex_Module__id__C
00007f18   ti_sysbios_hal_Hwi_Module__id__C
00007f1c   ti_sysbios_heaps_HeapMem_Module__id__C
00007f20   ti_sysbios_knl_Clock_Module__id__C
00007f24   ti_sysbios_knl_Clock_Module__loggerDefined__C
00007f28   ti_sysbios_knl_Semaphore_Module__id__C
00007f2c   ti_sysbios_knl_Semaphore_Module__loggerDefined__C
00007f30   ti_sysbios_knl_Swi_Module__id__C
00007f34   ti_sysbios_knl_Swi_Module__loggerDefined__C
00007f38   ti_sysbios_knl_Task_Module__id__C
00007f3c   ti_sysbios_knl_Task_Module__loggerDefined__C
00007f40   ti_sysbios_knl_Task_deleteTerminatedTasks__C
00007f44   ti_sysbios_knl_Task_initStackFlag__C
00007f48   xdc_runtime_Core_Module__id__C
00007f4c   xdc_runtime_Error_Module__loggerDefined__C
00007f50   xdc_runtime_Error_maxDepth__C
00007f54   xdc_runtime_LoggerBuf_Module__id__C
00007f58   xdc_runtime_LoggerBuf_filterByLevel__C
00007f5c   xdc_runtime_Memory_Module__id__C
00007f60   xdc_runtime_SysMin_flushAtExit__C
00007f64   xdc_runtime_Text_charCnt__C
00007f68   xdc_runtime_Text_isLoaded__C
00007f6c   xdc_runtime_Text_registryModsLastId__C
00007f70   xdc_runtime_Text_unnamedModsLastId__C
00007f74   ti_sysbios_knl_Clock_tickMode__C
00007f78   ti_sysbios_knl_Clock_tickSource__C
00007f7c   xdc_runtime_Error_policy__C
00008300   __TI_Handler_Table_Base
0000830c   __TI_Handler_Table_Limit
00008320   __TI_CINIT_Base
00008338   __TI_CINIT_Limit
20000000   ti_sysbios_family_arm_m3_Hwi_ramVectors
20000360   __stack
20000460   __STACK_TOP
20002360   __STACK_END
20002360   ti_sysbios_heaps_HeapMem_Instance_State_0_buf__A
20003360   ti_sysbios_knl_Task_Instance_State_0_stack__A
20003b60   xdc_runtime_LoggerBuf_Instance_State_0_entryArr__A
20003d60   xdc_runtime_SysMin_Module_State_0_outbuf__A
20003f60   __CIOBUF_
20004088   ti_sysbios_knl_Task_Instance_State_0_hookEnv__A
2000408c   ti_sysbios_family_arm_m3_Hwi_Module_State_0_dispatchTable__A
200043ec   ti_sysbios_BIOS_Module__state__V
2000440c   ti_sysbios_family_arm_lm3_Timer_Module__root__V
20004414   ti_sysbios_family_arm_lm3_Timer_Module_State_0_device__A
20004434   ti_sysbios_family_arm_lm3_Timer_Module_State_0_handles__A
20004444   ti_sysbios_family_arm_lm3_Timer_Module__state__V
20004450   ti_sysbios_family_arm_lm3_TimestampProvider_Module__state__V
20004458   ti_sysbios_family_arm_m3_Hwi_Module__root__V
20004460   ti_sysbios_family_arm_m3_Hwi_Module_State_0_excActive__A
20004464   ti_sysbios_family_arm_m3_Hwi_Module_State_0_excContext__A
20004468   ti_sysbios_family_arm_m3_Hwi_Module_State_0_excStack__A
2000446c   ti_sysbios_gates_GateHwi_Module__root__V
20004474   ti_sysbios_gates_GateHwi_Object__table__V
20004478   ti_sysbios_gates_GateMutex_Module__root__V
20004480   ti_sysbios_hal_Hwi_Module__root__V
20004488   ti_sysbios_hal_Timer_Module__root__V
20004490   ti_sysbios_hal_Timer_Object__table__V
20004498   ti_sysbios_heaps_HeapMem_Module__root__V
200044a0   ti_sysbios_heaps_HeapMem_Object__table__V
200044b8   ti_sysbios_knl_Clock_Module__root__V
200044c0   ti_sysbios_knl_Queue_Module__root__V
200044c8   ti_sysbios_knl_Semaphore_Module__root__V
200044d0   ti_sysbios_knl_Swi_Module__root__V
200044d8   ti_sysbios_knl_Swi_Module__state__V
200044f4   ti_sysbios_knl_Task_Module__root__V
200044fc   ti_sysbios_knl_Task_Module_State_0_idleTask__A
20004500   xdc_runtime_Error_Module__state__V
20004504   xdc_runtime_LoggerBuf_Module__root__V
2000450c   xdc_runtime_LoggerBuf_Module__state__V
20004514   xdc_runtime_Memory_Module__state__V
20004518   xdc_runtime_Registry_Module__state__V
20004520   xdc_runtime_Startup_Module__state__V
20004528   xdc_runtime_SysMin_Module__state__V
20004534   xdc_runtime_System_Module_State_0_atexitHandlers__A
20004544   xdc_runtime_System_Module__state__V
20004550   xdc_runtime_Text_Module__state__V
20004558   __xdc__init__addr
2000455c   ti_sysbios_knl_Swi_Module_State_0_readyQ__A
200045dc   ti_sysbios_knl_Task_Module_State_0_readyQ__A
2000465c   ti_sysbios_family_arm_lm3_Timer_Object__table__V
200046bc   ti_sysbios_family_arm_m3_Hwi_Module__state__V
20004710   TSK_idle
20004710   ti_sysbios_knl_Task_Object__table__V
2000475c   ti_sysbios_knl_Task_Module__state__V
200047a4   ti_sysbios_gates_GateMutex_Object__table__V
200047dc   ti_sysbios_family_arm_m3_Hwi_Object__table__V
2000480c   ti_sysbios_knl_Swi_Object__table__V
2000483c   ti_sysbios_knl_Clock_Module__state__V
20004864   xdc_runtime_LoggerBuf_Object__table__V
20004888   _lock
2000488c   _unlock
20004890   _cleanup_ptr
20004894   _dtors_ptr
2000489c   main_func_sp
40000400   ti_sysbios_family_arm_ducati_CTM_ctm
e000e000   ti_sysbios_family_arm_m3_Hwi_nvic
ffffffff   __binit__
ffffffff   __c_args__
ffffffff   binit
UNDEFED    SHT$$INIT_ARRAY$$Base
UNDEFED    SHT$$INIT_ARRAY$$Limit

[680 symbols]
